Archive member included to satisfy reference by file (symbol)

build/cooja/contiki-ng-cooja.a(simEnvChange.o)
                              build/cooja/mtype88926233.o (simDontFallAsleep)
build/cooja/contiki-ng-cooja.a(cooja_mt.o)
                              build/cooja/mtype88926233.o (cooja_mt_start)
build/cooja/contiki-ng-cooja.a(cooja_mtarch.o)
                              build/cooja/contiki-ng-cooja.a(cooja_mt.o) (cooja_mtarch_start)
build/cooja/contiki-ng-cooja.a(rtimer-arch.o)
                              build/cooja/mtype88926233.o (rtimer_arch_check)
build/cooja/contiki-ng-cooja.a(beep.o)
                              build/cooja/mtype88926233.o (beep_interface)
build/cooja/contiki-ng-cooja.a(leds-arch.o)
                              build/cooja/mtype88926233.o (leds_interface)
build/cooja/contiki-ng-cooja.a(moteid.o)
                              build/cooja/mtype88926233.o (moteid_interface)
build/cooja/contiki-ng-cooja.a(pir-sensor.o)
                              build/cooja/mtype88926233.o (pir_interface)
build/cooja/contiki-ng-cooja.a(rs232.o)
                              build/cooja/mtype88926233.o (rs232_interface)
build/cooja/contiki-ng-cooja.a(vib-sensor.o)
                              build/cooja/mtype88926233.o (vib_interface)
build/cooja/contiki-ng-cooja.a(clock.o)
                              build/cooja/mtype88926233.o (clock_interface)
build/cooja/contiki-ng-cooja.a(cooja-log.o)
                              build/cooja/mtype88926233.o (simlog_interface)
build/cooja/contiki-ng-cooja.a(cfs-cooja.o)
                              build/cooja/mtype88926233.o (cfs_interface)
build/cooja/contiki-ng-cooja.a(cooja-radio.o)
                              build/cooja/mtype88926233.o (radio_interface)
build/cooja/contiki-ng-cooja.a(eeprom.o)
                              build/cooja/mtype88926233.o (eeprom_interface)
build/cooja/contiki-ng-cooja.a(random.o)
                              build/cooja/contiki-ng-cooja.a(moteid.o) (random_init)
build/cooja/contiki-ng-cooja.a(sensors.o)
                              build/cooja/contiki-ng-cooja.a(pir-sensor.o) (sensors_changed)
build/cooja/contiki-ng-cooja.a(leds.o)
                              build/cooja/contiki-ng-cooja.a(leds-arch.o) (leds_get)
build/cooja/contiki-ng-cooja.a(gpio-hal-arch.o)
                              build/cooja/contiki-ng-cooja.a(leds-arch.o) (gpio_hal_arch_register_pin_callback)
build/cooja/contiki-ng-cooja.a(buttons.o)
                              build/cooja/mtype88926233.o (button_interface)
build/cooja/contiki-ng-cooja.a(monitor.o)
                              display.o (monitor)
build/cooja/contiki-ng-cooja.a(coap-engine.o)
                              display.o (coap_activate_resource)
build/cooja/contiki-ng-cooja.a(coap-observe.o)
                              build/cooja/contiki-ng-cooja.a(coap-engine.o) (coap_remove_observer_by_mid)
build/cooja/contiki-ng-cooja.a(coap-res-well-known-core.o)
                              build/cooja/contiki-ng-cooja.a(coap-engine.o) (res_well_known_core)
build/cooja/contiki-ng-cooja.a(coap-timer.o)
                              build/cooja/contiki-ng-cooja.a(coap-engine.o) (coap_timer_set)
build/cooja/contiki-ng-cooja.a(coap-transactions.o)
                              build/cooja/contiki-ng-cooja.a(coap-engine.o) (coap_send_transaction)
build/cooja/contiki-ng-cooja.a(coap-uip.o)
                              build/cooja/contiki-ng-cooja.a(coap-observe.o) (coap_endpoint_copy)
build/cooja/contiki-ng-cooja.a(coap.o)
                              build/cooja/contiki-ng-cooja.a(coap-engine.o) (coap_status_code)
build/cooja/contiki-ng-cooja.a(contiki-main.o)
                              build/cooja/mtype88926233.o (main)
build/cooja/contiki-ng-cooja.a(autostart.o)
                              build/cooja/contiki-ng-cooja.a(contiki-main.o) (autostart_start)
build/cooja/contiki-ng-cooja.a(ctimer.o)
                              build/cooja/contiki-ng-cooja.a(contiki-main.o) (ctimer_init)
build/cooja/contiki-ng-cooja.a(energest.o)
                              build/cooja/contiki-ng-cooja.a(contiki-main.o) (energest_init)
build/cooja/contiki-ng-cooja.a(etimer.o)
                              build/cooja/contiki-ng-cooja.a(contiki-main.o) (etimer_process)
build/cooja/contiki-ng-cooja.a(log.o)
                              build/cooja/contiki-ng-cooja.a(contiki-main.o) (curr_log_level_main)
build/cooja/contiki-ng-cooja.a(node-id.o)
                              build/cooja/contiki-ng-cooja.a(contiki-main.o) (node_id)
build/cooja/contiki-ng-cooja.a(process.o)
                              display.o (process_current)
build/cooja/contiki-ng-cooja.a(rtimer.o)
                              build/cooja/contiki-ng-cooja.a(contiki-main.o) (rtimer_init)
build/cooja/contiki-ng-cooja.a(timer.o)
                              build/cooja/contiki-ng-cooja.a(etimer.o) (timer_set)
build/cooja/contiki-ng-cooja.a(list.o)
[...]
Memory Configuration

Name             Origin             Length             Attributes
*default*        0x0000000000000000 0xffffffffffffffff

Linker script and memory map

LOAD /usr/lib/gcc/x86_64-linux-gnu/11/../../../x86_64-linux-gnu/crti.o
LOAD /usr/lib/gcc/x86_64-linux-gnu/11/crtbeginS.o
LOAD display.o
LOAD build/cooja/mtype88926233.o
LOAD build/cooja/contiki-ng-cooja.a
LOAD /usr/lib/gcc/x86_64-linux-gnu/11/libgcc.a
LOAD /usr/lib/gcc/x86_64-linux-gnu/11/libgcc_s.so
START GROUP
LOAD /usr/lib/gcc/x86_64-linux-gnu/11/../../../x86_64-linux-gnu/libgcc_s.so.1
LOAD /usr/lib/gcc/x86_64-linux-gnu/11/libgcc.a
END GROUP
LOAD /usr/lib/gcc/x86_64-linux-gnu/11/../../../x86_64-linux-gnu/libc.so
START GROUP
LOAD /lib/x86_64-linux-gnu/libc.so.6
LOAD /usr/lib/x86_64-linux-gnu/libc_nonshared.a
LOAD /lib64/ld-linux-x86-64.so.2
END GROUP
LOAD /usr/lib/gcc/x86_64-linux-gnu/11/libgcc.a
LOAD /usr/lib/gcc/x86_64-linux-gnu/11/libgcc_s.so
START GROUP
LOAD /usr/lib/gcc/x86_64-linux-gnu/11/../../../x86_64-linux-gnu/libgcc_s.so.1
LOAD /usr/lib/gcc/x86_64-linux-gnu/11/libgcc.a
END GROUP
LOAD /usr/lib/gcc/x86_64-linux-gnu/11/crtendS.o
LOAD /usr/lib/gcc/x86_64-linux-gnu/11/../../../x86_64-linux-gnu/crtn.o
                0x00000000000002a8                . = (SEGMENT_START ("text-segment", 0x0) + SIZEOF_HEADERS)

.note.gnu.property
                0x00000000000002a8       0x20
 .note.gnu.property
                0x00000000000002a8       0x20 /usr/lib/gcc/x86_64-linux-gnu/11/../../../x86_64-linux-gnu/crti.o

.note.gnu.build-id
                0x00000000000002c8       0x24
 *(.note.gnu.build-id)
 .note.gnu.build-id
                0x00000000000002c8       0x24 /usr/lib/gcc/x86_64-linux-gnu/11/../../../x86_64-linux-gnu/crti.o

.hash
 *(.hash)

.gnu.hash       0x00000000000002f0     0x15a0
 *(.gnu.hash)
 .gnu.hash      0x00000000000002f0     0x15a0 /usr/lib/gcc/x86_64-linux-gnu/11/../../../x86_64-linux-gnu/crti.o

.dynsym         0x0000000000001890     0x4650
 *(.dynsym)
 .dynsym        0x0000000000001890     0x4650 /usr/lib/gcc/x86_64-linux-gnu/11/../../../x86_64-linux-gnu/crti.o

.dynstr         0x0000000000005ee0     0x36a6
 *(.dynstr)
 .dynstr        0x0000000000005ee0     0x36a6 /usr/lib/gcc/x86_64-linux-gnu/11/../../../x86_64-linux-gnu/crti.o

.gnu.version    0x0000000000009586      0x5dc
 *(.gnu.version)
 .gnu.version   0x0000000000009586      0x5dc /usr/lib/gcc/x86_64-linux-gnu/11/../../../x86_64-linux-gnu/crti.o

.gnu.version_d  0x0000000000009b68        0x0
 *(.gnu.version_d)
 .gnu.version_d
                0x0000000000009b68        0x0 /usr/lib/gcc/x86_64-linux-gnu/11/../../../x86_64-linux-gnu/crti.o

.gnu.version_r  0x0000000000009b68       0x40
 *(.gnu.version_r)
 .gnu.version_r
                0x0000000000009b68       0x40 /usr/lib/gcc/x86_64-linux-gnu/11/../../../x86_64-linux-gnu/crti.o

.rela.dyn       0x0000000000009ba8     0x2058
 *(.rela.init)
 *(.rela.text .rela.text.* .rela.gnu.linkonce.t.*)
 .rela.text     0x0000000000009ba8        0x0 /usr/lib/gcc/x86_64-linux-gnu/11/../../../x86_64-linux-gnu/crti.o
 *(.rela.fini)
 *(.rela.rodata .rela.rodata.* .rela.gnu.linkonce.r.*)
 *(.rela.data .rela.data.* .rela.gnu.linkonce.d.*)
 .rela.data.rel.local
                0x0000000000009ba8      0x828 /usr/lib/gcc/x86_64-linux-gnu/11/../../../x86_64-linux-gnu/crti.o
 .rela.data.rel.ro
                0x000000000000a3d0      0x288 /usr/lib/gcc/x86_64-linux-gnu/11/../../../x86_64-linux-gnu/crti.o
 .rela.data.rel
                0x000000000000a658      0x3a8 /usr/lib/gcc/x86_64-linux-gnu/11/../../../x86_64-linux-gnu/crti.o
 .rela.data.rel.ro.local
                0x000000000000aa00      0x5e8 /usr/lib/gcc/x86_64-linux-gnu/11/../../../x86_64-linux-gnu/crti.o
 *(.rela.tdata .rela.tdata.* .rela.gnu.linkonce.td.*)
 *(.rela.tbss .rela.tbss.* .rela.gnu.linkonce.tb.*)
 *(.rela.ctors)
 *(.rela.dtors)
 *(.rela.got)
 .rela.got      0x000000000000afe8      0xbe8 /usr/lib/gcc/x86_64-linux-gnu/11/../../../x86_64-linux-gnu/crti.o
 *(.rela.bss .rela.bss.* .rela.gnu.linkonce.b.*)
 *(.rela.ldata .rela.ldata.* .rela.gnu.linkonce.l.*)
 *(.rela.lbss .rela.lbss.* .rela.gnu.linkonce.lb.*)
 *(.rela.lrodata .rela.lrodata.* .rela.gnu.linkonce.lr.*)
 *(.rela.ifunc)
 .rela.ifunc    0x000000000000bbd0        0x0 /usr/lib/gcc/x86_64-linux-gnu/11/../../../x86_64-linux-gnu/crti.o
 .rela.fini_array
                0x000000000000bbd0       0x18 /usr/lib/gcc/x86_64-linux-gnu/11/../../../x86_64-linux-gnu/crti.o
 .rela.init_array
                0x000000000000bbe8       0x18 /usr/lib/gcc/x86_64-linux-gnu/11/../../../x86_64-linux-gnu/crti.o

.rela.plt       0x000000000000bc00     0x2520
 *(.rela.plt)
 .rela.plt      0x000000000000bc00     0x2520 /usr/lib/gcc/x86_64-linux-gnu/11/../../../x86_64-linux-gnu/crti.o
 *(.rela.iplt)

.relr.dyn
 *(.relr.dyn)
                0x000000000000f000                . = ALIGN (CONSTANT (MAXPAGESIZE))

.init           0x000000000000f000       0x1b
 *(SORT_NONE(.init))
 .init          0x000000000000f000       0x16 /usr/lib/gcc/x86_64-linux-gnu/11/../../../x86_64-linux-gnu/crti.o
                0x000000000000f000                _init
 .init          0x000000000000f016        0x5 /usr/lib/gcc/x86_64-linux-gnu/11/../../../x86_64-linux-gnu/crtn.o

.plt            0x000000000000f020     0x18d0
 *(.plt)
 .plt           0x000000000000f020     0x18d0 /usr/lib/gcc/x86_64-linux-gnu/11/../../../x86_64-linux-gnu/crti.o
 *(.iplt)

.plt.got        0x00000000000108f0       0x30
 *(.plt.got)
 .plt.got       0x00000000000108f0       0x30 /usr/lib/gcc/x86_64-linux-gnu/11/../../../x86_64-linux-gnu/crti.o

.plt.sec        0x0000000000010920     0x18c0
 *(.plt.sec)
 .plt.sec       0x0000000000010920     0x18c0 /usr/lib/gcc/x86_64-linux-gnu/11/../../../x86_64-linux-gnu/crti.o

.text           0x00000000000121e0    0x1f1ae
 *(.text.unlikely .text.*_unlikely .text.unlikely.*)
 *(.text.exit .text.exit.*)
 *(.text.startup .text.startup.*)
 *(.text.hot .text.hot.*)
 *(SORT_BY_NAME(.text.sorted.*))
 *(.text .stub .text.* .gnu.linkonce.t.*)
 .text          0x00000000000121e0        0x0 /usr/lib/gcc/x86_64-linux-gnu/11/../../../x86_64-linux-gnu/crti.o
 .text          0x00000000000121e0       0xb9 /usr/lib/gcc/x86_64-linux-gnu/11/crtbeginS.o
 .text          0x0000000000012299       0xd5 display.o
 .text          0x000000000001236e      0x374 build/cooja/mtype88926233.o
                0x0000000000012424                platform_init_stage_one
                0x0000000000012439                platform_init_stage_two
                0x000000000001244e                platform_init_stage_three
                0x0000000000012463                platform_main_loop
                0x00000000000124fd                JNI_OnLoad
                0x0000000000012514                Java_org_contikios_cooja_corecomm_Lib5_init
                0x0000000000012567                Java_org_contikios_cooja_corecomm_Lib5_getMemory
                0x00000000000125c6                Java_org_contikios_cooja_corecomm_Lib5_setMemory
                0x0000000000012625                Java_org_contikios_cooja_corecomm_Lib5_tick
                0x00000000000126b3                Java_org_contikios_cooja_corecomm_Lib5_setReferenceAddress
 .text          0x00000000000126e2       0x93 build/cooja/contiki-ng-cooja.a(simEnvChange.o)
                0x00000000000126e2                doActionsBeforeTick
                0x000000000001272b                doActionsAfterTick
 .text          0x0000000000012775       0xab build/cooja/contiki-ng-cooja.a(cooja_mt.o)
                0x0000000000012775                cooja_mt_start
                0x00000000000127b5                cooja_mt_exec
                0x00000000000127f8                cooja_mt_yield
 .text          0x0000000000012820      0x10e build/cooja/contiki-ng-cooja.a(cooja_mtarch.o)
                0x0000000000012820                cooja_mtarch_start
                0x00000000000128c3                cooja_sw
                0x00000000000128f0                cooja_mtarch_exec
                0x000000000001291e                cooja_mtarch_yield
 .text          0x000000000001292e       0xcc build/cooja/contiki-ng-cooja.a(rtimer-arch.o)
                0x000000000001292e                rtimer_arch_init
                0x0000000000012954                rtimer_arch_schedule
                0x000000000001297e                rtimer_arch_next
                0x0000000000012992                rtimer_arch_pending
                0x00000000000129a5                rtimer_arch_check
                0x00000000000129e6                rtimer_arch_now
 .text          0x00000000000129fa       0xe6 build/cooja/contiki-ng-cooja.a(beep.o)
                0x00000000000129fa                beep_alarm
                0x0000000000012a15                beep_beep
                0x0000000000012a2d                beep
                0x0000000000012a42                beep_down
                0x0000000000012a5a                beep_on
                0x0000000000012a6f                beep_off
                0x0000000000012a84                beep_spinup
                0x0000000000012a99                beep_quick
                0x0000000000012ab1                beep_long
 .text          0x0000000000012ae0       0x80 build/cooja/contiki-ng-cooja.a(leds-arch.o)
                0x0000000000012af9                leds_arch_init
 .text          0x0000000000012b60       0x41 build/cooja/contiki-ng-cooja.a(moteid.o)
 .text          0x0000000000012ba1       0xfa build/cooja/contiki-ng-cooja.a(pir-sensor.o)
 .text          0x0000000000012c9b      0x18b build/cooja/contiki-ng-cooja.a(rs232.o)
                0x0000000000012c9b                rs232_init
                0x0000000000012ca6                rs232_set_speed
                0x0000000000012cb6                rs232_set_input
                0x0000000000012cd0                rs232_send
                0x0000000000012cef                rs232_print
                0x0000000000012d1d                slip_arch_writeb
 .text          0x0000000000012e26       0xfa build/cooja/contiki-ng-cooja.a(vib-sensor.o)
 .text          0x0000000000012f20       0x6f build/cooja/contiki-ng-cooja.a(clock.o)
                0x0000000000012f20                clock_init
                0x0000000000012f2b                clock_time
                0x0000000000012f3f                clock_seconds
                0x0000000000012f6b                clock_delay
 .text          0x0000000000012f8f      0x214 build/cooja/contiki-ng-cooja.a(cooja-log.o)
                0x0000000000012f8f                simlog_char
                0x0000000000012fe9                simlog
                0x000000000001306e                log_message
                0x00000000000130b3                log_set_putchar_with_slip
                0x00000000000130ca                dbg_putchar
                0x000000000001314b                dbg_send_bytes
 .text          0x00000000000131a3      0x39b build/cooja/contiki-ng-cooja.a(cfs-cooja.o)
                0x00000000000131a3                cfs_open
                0x0000000000013220                cfs_close
                0x0000000000013235                cfs_read
                0x00000000000132fc                cfs_write
                0x000000000001340c                cfs_seek
                0x00000000000134bb                cfs_remove
                0x00000000000134eb                cfs_opendir
                0x0000000000013502                cfs_readdir
                0x0000000000013519                cfs_closedir
 .text          0x000000000001353e      0x79f build/cooja/contiki-ng-cooja.a(cooja-radio.o)
                0x000000000001359d                radio_set_channel
                0x00000000000135b7                radio_set_txpower
                0x00000000000135d4                radio_signal_strength_last
                0x00000000000135e7                radio_signal_strength_current
                0x00000000000135fa                radio_LQI
 .text          0x0000000000013cdd      0x163 build/cooja/contiki-ng-cooja.a(eeprom.o)
                0x0000000000013cdd                eeprom_init
                0x0000000000013cec                eeprom_read
                0x0000000000013d8b                eeprom_write
 .text          0x0000000000013e40       0x2f build/cooja/contiki-ng-cooja.a(random.o)
                0x0000000000013e40                random_init
                0x0000000000013e60                random_rand
 .text          0x0000000000013e6f      0x35f build/cooja/contiki-ng-cooja.a(sensors.o)
                0x0000000000013eb8                sensors_first
                0x0000000000013ecc                sensors_next
                0x0000000000013efb                sensors_changed
                0x0000000000013f48                sensors_find
 .text          0x00000000000141ce      0x3ad build/cooja/contiki-ng-cooja.a(leds.o)
                0x00000000000141ce                leds_init
                0x0000000000014219                leds_single_on
                0x0000000000014286                leds_single_off
                0x00000000000142f3                leds_single_toggle
                0x000000000001432b                leds_on
                0x00000000000143bc                leds_off
                0x000000000001444d                leds_toggle
                0x00000000000144a9                leds_set
                0x00000000000144d2                leds_get
 .text          0x000000000001457b      0x41b build/cooja/contiki-ng-cooja.a(gpio-hal-arch.o)
                0x000000000001457b                gpio_hal_arch_register_pin_callback
                0x0000000000014622                gpio_hal_arch_init
                0x0000000000014678                gpio_hal_arch_no_port_interrupt_enable
                0x00000000000146c5                gpio_hal_arch_no_port_interrupt_disable
                0x0000000000014712                gpio_hal_arch_no_port_pin_cfg_set
                0x0000000000014748                gpio_hal_arch_no_port_pin_cfg_get
                0x000000000001477c                gpio_hal_arch_no_port_pin_set_input
                0x000000000001478f                gpio_hal_arch_no_port_pin_set_output
                0x00000000000147a2                gpio_hal_arch_no_port_set_pin
                0x00000000000147c6                gpio_hal_arch_no_port_clear_pin
                0x00000000000147ea                gpio_hal_arch_no_port_read_pin
                0x0000000000014817                gpio_hal_arch_no_port_write_pin
                0x0000000000014841                gpio_hal_arch_no_port_set_pins
                0x0000000000014890                gpio_hal_arch_no_port_clear_pins
                0x00000000000148df                gpio_hal_arch_no_port_read_pins
                0x000000000001492d                gpio_hal_arch_no_port_write_pins
 .text          0x0000000000014996       0xa8 build/cooja/contiki-ng-cooja.a(buttons.o)
 .text          0x0000000000014a3e       0xfd build/cooja/contiki-ng-cooja.a(monitor.o)
 .text          0x0000000000014b3b      0xdaa build/cooja/contiki-ng-cooja.a(coap-engine.o)
                0x0000000000014c0a                coap_add_handler
                0x0000000000014c33                coap_remove_handler
                0x0000000000014c5c                coap_call_handlers
                0x0000000000014d9d                coap_receive
                0x0000000000015453                coap_engine_init
                0x00000000000154b3                coap_activate_resource
                0x0000000000015584                coap_get_first_resource
                0x000000000001559d                coap_get_next_resource
 .text          0x00000000000158e5      0xa9c build/cooja/contiki-ng-cooja.a(coap-observe.o)
                0x0000000000015a36                coap_remove_observer
                0x0000000000015a75                coap_remove_observer_by_client
                0x0000000000015aeb                coap_remove_observer_by_token
                0x0000000000015b99                coap_remove_observer_by_uri
                0x0000000000015c56                coap_remove_observer_by_mid
                0x0000000000015ce0                coap_notify_observers
                0x0000000000015d04                coap_notify_observers_sub
                0x00000000000161b6                coap_observe_handler
                0x000000000001630a                coap_has_observers
 .text          0x0000000000016381      0x376 build/cooja/contiki-ng-cooja.a(coap-res-well-known-core.o)
 .text          0x00000000000166f7      0x322 build/cooja/contiki-ng-cooja.a(coap-timer.o)
                0x0000000000016809                coap_timer_stop
                0x000000000001683f                coap_timer_set
                0x0000000000016876                coap_timer_reset
                0x00000000000168b0                coap_timer_time_to_next_expiration
                0x0000000000016909                coap_timer_run
                0x00000000000169d0                coap_timer_init
 .text          0x0000000000016a19      0x33a build/cooja/contiki-ng-cooja.a(coap-transactions.o)
                0x0000000000016aab                coap_new_transaction
                0x0000000000016b22                coap_send_transaction
                0x0000000000016ca1                coap_clear_transaction
                0x0000000000016cf7                coap_get_transaction_by_mid
 .text          0x0000000000016d53      0x8b4 build/cooja/contiki-ng-cooja.a(coap-uip.o)
                0x0000000000016d53                coap_endpoint_log
                0x0000000000016def                coap_endpoint_print
                0x0000000000016e8b                coap_endpoint_snprint
                0x0000000000017011                coap_endpoint_copy
                0x0000000000017059                coap_endpoint_cmp
                0x00000000000171ae                coap_endpoint_parse
                0x00000000000173dd                coap_endpoint_is_secure
                0x00000000000173f6                coap_endpoint_is_connected
                0x000000000001743c                coap_endpoint_connect
                0x0000000000017462                coap_endpoint_disconnect
                0x0000000000017471                coap_databuf
                0x0000000000017485                coap_transport_init
                0x00000000000174e5                coap_sendto
 .text          0x0000000000017607     0x24a7 build/cooja/contiki-ng-cooja.a(coap.o)
                0x0000000000017cdf                coap_init_connection
                0x0000000000017cf6                coap_get_mid
                0x0000000000017d18                coap_init_message
                0x0000000000017d6e                coap_serialize_message
                0x00000000000184f7                coap_parse_message
                0x0000000000018d2b                coap_get_query_variable
                0x0000000000018d87                coap_get_post_variable
                0x0000000000018de1                coap_set_status_code
                0x0000000000018e13                coap_set_token
                0x0000000000018e73                coap_get_header_content_format
                0x0000000000018ebb                coap_set_header_content_format
                0x0000000000018ef3                coap_get_header_accept
                0x0000000000018f3e                coap_set_header_accept
                0x0000000000018f79                coap_get_header_max_age
                0x0000000000018fc2                coap_set_header_max_age
                0x0000000000018ff7                coap_get_header_etag
                0x0000000000019043                coap_set_header_etag
                0x00000000000190b4                coap_get_header_if_match
                0x0000000000019106                coap_set_header_if_match
                0x0000000000019183                coap_get_header_if_none_match
                0x00000000000191ae                coap_set_header_if_none_match
                0x00000000000191d6                coap_get_header_proxy_uri
                0x000000000001921f                coap_set_header_proxy_uri
                0x000000000001926e                coap_get_header_uri_host
                0x00000000000192b7                coap_set_header_uri_host
                0x0000000000019306                coap_get_header_uri_path
                0x0000000000019355                coap_set_header_uri_path
                0x00000000000193bf                coap_get_header_uri_query
                0x000000000001940e                coap_set_header_uri_query
                0x0000000000019478                coap_get_header_location_path
                0x00000000000194c1                coap_set_header_location_path
                0x0000000000019577                coap_get_header_location_query
                0x00000000000195c6                coap_set_header_location_query
                0x0000000000019630                coap_get_header_observe
                0x0000000000019679                coap_set_header_observe
                0x00000000000196b1                coap_get_header_block2
                0x0000000000019753                coap_set_header_block2
                0x00000000000197e3                coap_get_header_block1
                0x0000000000019885                coap_set_header_block1
                0x0000000000019910                coap_get_header_size2
                0x0000000000019957                coap_set_header_size2
                0x000000000001998f                coap_get_header_size1
                0x00000000000199d6                coap_set_header_size1
                0x0000000000019a0e                coap_get_payload
                0x0000000000019a5e                coap_set_payload
 .text          0x0000000000019aae      0x405 build/cooja/contiki-ng-cooja.a(contiki-main.o)
                0x0000000000019aae                main
 .text          0x0000000000019eb3       0xbd build/cooja/contiki-ng-cooja.a(autostart.o)
                0x0000000000019eb3                autostart_start
                0x0000000000019f14                autostart_exit
 .text          0x0000000000019f70      0x441 build/cooja/contiki-ng-cooja.a(ctimer.o)
                0x000000000001a0d2                ctimer_init
                0x000000000001a107                ctimer_set
                0x000000000001a14b                ctimer_set_with_process
                0x000000000001a205                ctimer_reset
                0x000000000001a276                ctimer_restart
                0x000000000001a2e7                ctimer_stop
                0x000000000001a345                ctimer_expired
 .text          0x000000000001a3b1       0x25 build/cooja/contiki-ng-cooja.a(energest.o)
                0x000000000001a3b1                energest_init
                0x000000000001a3bc                energest_flush
                0x000000000001a3c7                energest_get_total_time
 .text          0x000000000001a3d6      0x57c build/cooja/contiki-ng-cooja.a(etimer.o)
                0x000000000001a67e                etimer_request_poll
                0x000000000001a730                etimer_set
                0x000000000001a766                etimer_reset_with_new_interval
                0x000000000001a7a1                etimer_reset
                0x000000000001a7cc                etimer_restart
                0x000000000001a7f7                etimer_adjust
                0x000000000001a828                etimer_expired
                0x000000000001a847                etimer_expiration_time
                0x000000000001a867                etimer_start_time
                0x000000000001a87c                etimer_pending
                0x000000000001a896                etimer_next_expiration_time
                0x000000000001a8b7                etimer_stop
 .text          0x000000000001a952      0x539 build/cooja/contiki-ng-cooja.a(log.o)
                0x000000000001a952                log_6addr
                0x000000000001a9b8                log_6addr_compact_snprint
                0x000000000001aa93                log_6addr_compact
                0x000000000001aaf9                log_lladdr
                0x000000000001ab79                log_lladdr_compact
                0x000000000001abfb                log_bytes
                0x000000000001ac5b                log_set_level
                0x000000000001ad69                log_get_level
                0x000000000001ae20                log_level_to_str
 .text          0x000000000001ae8b       0x36 build/cooja/contiki-ng-cooja.a(node-id.o)
                0x000000000001ae8b                node_id_init
 .text          0x000000000001aec1      0x673 build/cooja/contiki-ng-cooja.a(process.o)
                0x000000000001aec1                process_alloc_event
                0x000000000001aedb                process_start
                0x000000000001b14b                process_exit
                0x000000000001b177                process_init
                0x000000000001b36e                process_run
                0x000000000001b3a3                process_nevents
                0x000000000001b3c3                process_post
                0x000000000001b48b                process_post_synch
                0x000000000001b4d9                process_poll
                0x000000000001b516                process_is_running
 .text          0x000000000001b534      0x101 build/cooja/contiki-ng-cooja.a(rtimer.o)
                0x000000000001b534                rtimer_init
                0x000000000001b544                rtimer_set
                0x000000000001b5c5                rtimer_run_next
 .text          0x000000000001b635       0xfd build/cooja/contiki-ng-cooja.a(timer.o)
                0x000000000001b635                timer_set
                0x000000000001b664                timer_reset
                0x000000000001b6a0                timer_restart
                0x000000000001b6bf                timer_expired
                0x000000000001b6fa                timer_remaining
 .text          0x000000000001b732      0x39b build/cooja/contiki-ng-cooja.a(list.o)
                0x000000000001b732                list_init
                0x000000000001b74c                list_head
                0x000000000001b761                list_copy
                0x000000000001b782                list_tail
                0x000000000001b7cb                list_add
                0x000000000001b82f                list_push
                0x000000000001b872                list_chop
                0x000000000001b8ff                list_pop
                0x000000000001b939                list_remove
                0x000000000001b9c5                list_length
                0x000000000001ba00                list_insert
                0x000000000001ba63                list_item_next
                0x000000000001ba86                list_contains
 .text          0x000000000001bacd      0x21a build/cooja/contiki-ng-cooja.a(memb.o)
                0x000000000001bacd                memb_init
                0x000000000001bb30                memb_alloc
                0x000000000001bbaa                memb_free
                0x000000000001bc3d                memb_inmemb
                0x000000000001bc94                memb_numfree
 .text          0x000000000001bce7      0x574 build/cooja/contiki-ng-cooja.a(button-hal.o)
                0x000000000001beb2                button_hal_get_by_id
                0x000000000001bf00                button_hal_get_by_index
                0x000000000001bf37                button_hal_get_state
                0x000000000001bf9a                button_hal_init
 .text          0x000000000001c25b      0x181 build/cooja/contiki-ng-cooja.a(gpio-hal.o)
                0x000000000001c25b                gpio_hal_register_handler
                0x000000000001c284                gpio_hal_event_handler
                0x000000000001c2ef                gpio_hal_init
                0x000000000001c30e                gpio_hal_arch_port_toggle_pin
                0x000000000001c345                gpio_hal_arch_port_toggle_pins
                0x000000000001c376                gpio_hal_arch_no_port_toggle_pin
                0x000000000001c3b0                gpio_hal_arch_no_port_toggle_pins
 .text          0x000000000001c3dc      0x238 build/cooja/contiki-ng-cooja.a(serial-line.o)
                0x000000000001c3dc                serial_line_input_byte
                0x000000000001c5d7                serial_line_init
 .text          0x000000000001c614       0x80 build/cooja/contiki-ng-cooja.a(linkaddr.o)
                0x000000000001c614                linkaddr_copy
                0x000000000001c635                linkaddr_cmp
                0x000000000001c66b                linkaddr_set_node_addr
 .text          0x000000000001c694      0x12b build/cooja/contiki-ng-cooja.a(netstack.o)
                0x000000000001c694                netstack_process_ip_callback
                0x000000000001c735                netstack_ip_packet_processor_add
                0x000000000001c765                uip_ds6_ip_packet_processor_rm
                0x000000000001c78e                netstack_init
 .text          0x000000000001c7bf      0x4a8 build/cooja/contiki-ng-cooja.a(packetbuf.o)
                0x000000000001c7bf                packetbuf_clear
                0x000000000001c7ed                packetbuf_copyfrom
                0x000000000001c846                packetbuf_copyto
                0x000000000001c8ec                packetbuf_hdralloc
                0x000000000001c97b                packetbuf_hdrreduce
                0x000000000001c9cb                packetbuf_set_datalen
                0x000000000001c9e7                packetbuf_dataptr
                0x000000000001ca0c                packetbuf_hdrptr
                0x000000000001ca1d                packetbuf_datalen
                0x000000000001ca2e                packetbuf_hdrlen
                0x000000000001ca4a                packetbuf_totlen
                0x000000000001ca6c                packetbuf_remaininglen
                0x000000000001ca84                packetbuf_attr_clear
                0x000000000001cae9                packetbuf_attr_copyto
                0x000000000001cb34                packetbuf_attr_copyfrom
                0x000000000001cb7f                packetbuf_set_attr
                0x000000000001cbaf                packetbuf_attr
                0x000000000001cbd0                packetbuf_set_addr
                0x000000000001cc16                packetbuf_addr
                0x000000000001cc40                packetbuf_holds_broadcast
 .text          0x000000000001cc67      0x382 build/cooja/contiki-ng-cooja.a(queuebuf.o)
                0x000000000001cc7c                queuebuf_init
                0x000000000001cca5                queuebuf_numfree
                0x000000000001ccbe                queuebuf_new_from_packetbuf
                0x000000000001cd71                queuebuf_update_attr_from_packetbuf
                0x000000000001cdb4                queuebuf_update_from_packetbuf
                0x000000000001ce10                queuebuf_free
                0x000000000001ce6c                queuebuf_to_packetbuf
                0x000000000001cee5                queuebuf_dataptr
                0x000000000001cf2c                queuebuf_datalen
                0x000000000001cf5c                queuebuf_addr
                0x000000000001cfa3                queuebuf_attr
                0x000000000001cfde                queuebuf_debug_print
 .text          0x000000000001cfe9      0x116 build/cooja/contiki-ng-cooja.a(printf.o)
                0x000000000001d01e                log_printf
 .text          0x000000000001d0ff       0x1e build/cooja/contiki-ng-cooja.a(putchar.o)
                0x000000000001d0ff                log_putchar
 .text          0x000000000001d11d       0x3d build/cooja/contiki-ng-cooja.a(puts.o)
                0x000000000001d11d                log_puts
 .text          0x000000000001d15a      0x1f8 build/cooja/contiki-ng-cooja.a(snprintf.o)
                0x000000000001d1e5                log_snprintf
                0x000000000001d2ca                log_vsnprintf
 .text          0x000000000001d352     0x170b build/cooja/contiki-ng-cooja.a(strformat.o)
                0x000000000001d6c5                format_str
                0x000000000001d7a6                format_str_v
 .text          0x000000000001ea5d      0x292 build/cooja/contiki-ng-cooja.a(csma.o)
 .text          0x000000000001ecef     0x3747 build/cooja/contiki-ng-cooja.a(sicslowpan.o)
                0x000000000001f4c5                netstack_sniffer_add
                0x000000000001f4df                netstack_sniffer_remove
                0x00000000000223ff                sicslowpan_init
                0x0000000000022426                sicslowpan_get_last_rssi
 .text          0x0000000000022436      0x884 build/cooja/contiki-ng-cooja.a(tcpip.o)
                0x0000000000022466                tcpip_output
                0x00000000000224fe                udp_attach
                0x000000000002252c                udp_new
                0x0000000000022587                udp_broadcast_new
                0x000000000002273b                tcpip_input
                0x0000000000022913                tcpip_ipv6_output
                0x0000000000022b6c                tcpip_poll_udp
                0x0000000000022b9a                tcpip_uipcall
 .text          0x0000000000022cba      0x416 build/cooja/contiki-ng-cooja.a(uip-ds6-nbr.o)
                0x0000000000022cba                uip_ds6_neighbors_init
                0x0000000000022ce3                uip_ds6_nbr_add
                0x0000000000022d81                uip_ds6_nbr_rm
                0x0000000000022dde                uip_ds6_nbr_update_ll
                0x0000000000022ee3                uip_ds6_nbr_get_ipaddr
                0x0000000000022f03                uip_ds6_nbr_get_ll
                0x0000000000022f2b                uip_ds6_nbr_num
                0x0000000000022f7d                uip_ds6_nbr_head
                0x0000000000022f96                uip_ds6_nbr_next
                0x0000000000022fbe                uip_ds6_nbr_lookup
                0x0000000000023027                uip_ds6_nbr_ll_lookup
                0x000000000002304f                uip_ds6_nbr_ipaddr_from_lladdr
                0x0000000000023083                uip_ds6_nbr_lladdr_from_ipaddr
                0x00000000000230bf                uip_ds6_link_callback
 .text          0x00000000000230d0      0x3f9 build/cooja/contiki-ng-cooja.a(uip-ds6-route.o)
                0x0000000000023127                uip_ds6_route_init
                0x0000000000023150                uip_ds6_route_count_nexthop_neighbors
                0x000000000002315f                uip_ds6_route_nexthop
                0x0000000000023172                uip_ds6_route_head
                0x0000000000023181                uip_ds6_route_next
                0x0000000000023194                uip_ds6_route_is_nexthop
                0x00000000000231a7                uip_ds6_route_num_routes
                0x00000000000231b6                uip_ds6_route_lookup
                0x00000000000231c9                uip_ds6_route_add
                0x00000000000231e5                uip_ds6_route_rm
                0x00000000000231f4                uip_ds6_route_rm_by_nexthop
                0x0000000000023203                uip_ds6_defrt_head
                0x000000000002321c                uip_ds6_defrt_add
                0x00000000000232dc                uip_ds6_defrt_rm
                0x0000000000023352                uip_ds6_defrt_lookup
                0x00000000000233c9                uip_ds6_defrt_choose
                0x000000000002344c                uip_ds6_defrt_periodic
 .text          0x00000000000234c9      0xebc build/cooja/contiki-ng-cooja.a(uip-ds6.o)
                0x00000000000234c9                uip_ds6_default_prefix
                0x00000000000234da                uip_ds6_set_default_prefix
                0x0000000000023502                uip_ds6_init
                0x00000000000237a1                uip_ds6_periodic
                0x0000000000023843                uip_ds6_list_loop
                0x000000000002392c                uip_ds6_prefix_add
                0x00000000000239fd                uip_ds6_prefix_rm
                0x0000000000023a1b                uip_ds6_prefix_lookup
                0x0000000000023a72                uip_ds6_is_addr_onlink
                0x0000000000023b06                uip_ds6_addr_add
                0x0000000000023c51                uip_ds6_addr_rm
                0x0000000000023d0c                uip_ds6_addr_lookup
                0x0000000000023d61                uip_ds6_get_link_local
                0x0000000000023e06                uip_ds6_get_global
                0x0000000000023eab                uip_ds6_maddr_add
                0x0000000000023f27                uip_ds6_maddr_rm
                0x0000000000023f45                uip_ds6_maddr_lookup
                0x0000000000023f9d                uip_ds6_aaddr_add
                0x0000000000024019                uip_ds6_aaddr_rm
                0x0000000000024037                uip_ds6_aaddr_lookup
                0x000000000002408f                uip_ds6_select_src
                0x0000000000024219                uip_ds6_set_addr_iid
                0x0000000000024252                uip_ds6_set_lladdr_from_iid
                0x0000000000024289                get_match_length
                0x0000000000024337                uip_ds6_compute_reachable_time
 .text          0x0000000000024385      0x1b9 build/cooja/contiki-ng-cooja.a(uip-packetqueue.o)
                0x00000000000243c4                uip_packetqueue_new
                0x00000000000243de                uip_packetqueue_alloc
                0x0000000000024458                uip_packetqueue_free
                0x00000000000244b0                uip_packetqueue_buf
                0x00000000000244dc                uip_packetqueue_buflen
                0x000000000002450b                uip_packetqueue_set_buflen
 .text          0x000000000002453e      0x147 build/cooja/contiki-ng-cooja.a(uip-udp-packet.o)
                0x000000000002453e                uip_udp_packet_send
                0x00000000000245c0                uip_udp_packet_sendto
 .text          0x0000000000024685     0x1701 build/cooja/contiki-ng-cooja.a(uip6.o)
                0x0000000000024749                uip_chksum
                0x000000000002482f                uip_icmp6chksum
                0x0000000000024843                uip_udpchksum
                0x0000000000024857                uip_init
                0x00000000000248be                uip_remove_ext_hdr
                0x00000000000249bf                uip_udp_new
                0x0000000000024d6d                uip_process
                0x0000000000025c0c                uip_htons
                0x0000000000025c2f                uip_htonl
                0x0000000000025c77                uip_send
 .text          0x0000000000025d86      0x5b1 build/cooja/contiki-ng-cooja.a(uipbuf.o)
                0x0000000000025d86                uipbuf_clear
                0x0000000000025db8                uipbuf_add_ext_hdr
                0x0000000000025e50                uipbuf_set_len
                0x0000000000025e82                uipbuf_set_len_field
                0x0000000000025eb5                uipbuf_get_len_field
                0x0000000000025ee0                uipbuf_get_next_header
                0x0000000000026052                uipbuf_get_last_header
                0x00000000000260e5                uipbuf_search_header
                0x00000000000261ac                uipbuf_get_attr
                0x00000000000261dd                uipbuf_set_attr
                0x000000000002621d                uipbuf_set_default_attr
                0x000000000002625d                uipbuf_clear_attr
                0x0000000000026284                uipbuf_set_attr_flag
                0x00000000000262a7                uipbuf_clr_attr_flag
                0x00000000000262d0                uipbuf_is_attr_flag
                0x00000000000262f5                uipbuf_init
 .text          0x0000000000026337      0x57d build/cooja/contiki-ng-cooja.a(uiplib.o)
                0x0000000000026337                uiplib_ip6addrconv
                0x0000000000026513                uiplib_ip4addrconv
                0x00000000000265e5                uiplib_ipaddr_print
                0x000000000002664b                uiplib_ipaddr_snprint
 .text          0x00000000000268b4      0x66e build/cooja/contiki-ng-cooja.a(rpl.o)
                0x00000000000268b4                rpl_lollipop_greater_than
                0x0000000000026918                rpl_get_global_address
                0x0000000000026ab8                rpl_link_callback
                0x0000000000026b22                rpl_has_joined
                0x0000000000026b55                rpl_is_reachable
                0x0000000000026bfb                rpl_reset_prefix
                0x0000000000026c72                rpl_set_prefix_from_addr
                0x0000000000026d8d                rpl_set_prefix
                0x0000000000026ef7                rpl_set_leaf_only
                0x0000000000026f11                rpl_get_leaf_only
 .text          0x0000000000026f22       0x49 build/cooja/contiki-ng-cooja.a(watchdog.o)
                0x0000000000026f22                watchdog_init
                0x0000000000026f2d                watchdog_start
                0x0000000000026f38                watchdog_periodic
                0x0000000000026f55                watchdog_stop
                0x0000000000026f60                watchdog_reboot
 .text          0x0000000000026f6b       0x61 build/cooja/contiki-ng-cooja.a(int-master.o)
                0x0000000000026f6b                int_master_enable
                0x0000000000026f80                int_master_read_and_disable
                0x0000000000026fa0                int_master_status_set
                0x0000000000026fb7                int_master_is_enabled
 .text          0x0000000000026fcc      0x1e5 build/cooja/contiki-ng-cooja.a(coap-timer-default.o)
 .text          0x00000000000271b1      0x125 build/cooja/contiki-ng-cooja.a(stimer.o)
                0x00000000000271b1                stimer_set
                0x00000000000271e0                stimer_reset
                0x000000000002721c                stimer_restart
                0x000000000002723b                stimer_expired
                0x000000000002727d                stimer_remaining
                0x00000000000272b5                stimer_elapsed
 .text          0x00000000000272d6      0x19d build/cooja/contiki-ng-cooja.a(ringbuf.o)
                0x00000000000272d6                ringbuf_init
                0x0000000000027317                ringbuf_put
                0x00000000000273a6                ringbuf_get
                0x0000000000027424                ringbuf_size
                0x0000000000027440                ringbuf_elements
 .text          0x0000000000027473      0x481 build/cooja/contiki-ng-cooja.a(link-stats.o)
                0x0000000000027473                link_stats_from_lladdr
                0x000000000002749b                link_stats_get_lladdr
                0x00000000000274c3                link_stats_is_fresh
                0x000000000002750b                guess_etx_from_rssi
                0x0000000000027590                link_stats_packet_sent
                0x00000000000276f4                link_stats_input_callback
                0x0000000000027856                link_stats_reset
                0x00000000000278b2                link_stats_init
 .text          0x00000000000278f4      0xcb3 build/cooja/contiki-ng-cooja.a(nbr-table.o)
                0x0000000000027d52                nbr_table_count_entries
                0x0000000000027df4                nbr_table_gc_get_worst
                0x0000000000027e37                nbr_table_can_accept_new
                0x0000000000027fec                nbr_table_entry_is_allowed
                0x0000000000028099                nbr_table_register
                0x000000000002812b                nbr_table_is_registered
                0x0000000000028182                nbr_table_head
                0x00000000000281f0                nbr_table_next
                0x000000000002826d                nbr_table_add_lladdr
                0x00000000000283cd                nbr_table_get_from_lladdr
                0x000000000002842c                nbr_table_remove
                0x0000000000028486                nbr_table_lock
                0x00000000000284bb                nbr_table_unlock
                0x00000000000284f0                nbr_table_get_lladdr
                0x0000000000028533                nbr_table_clear
                0x0000000000028570                nbr_table_key_head
                0x0000000000028589                nbr_table_key_next
 .text          0x00000000000285a7      0x1e0 build/cooja/contiki-ng-cooja.a(mac-sequence.o)
                0x00000000000285a7                mac_sequence_is_duplicate
                0x0000000000028688                mac_sequence_register_seqno
 .text          0x0000000000028787      0x451 build/cooja/contiki-ng-cooja.a(framer-802154.o)
                0x0000000000028922                framer_802154_setup_params
 .text          0x0000000000028bd8      0xae3 build/cooja/contiki-ng-cooja.a(csma-output.o)
                0x00000000000293ba                csma_output_packet
                0x0000000000029683                csma_output_init
 .text          0x00000000000296bb       0x3d build/cooja/contiki-ng-cooja.a(csma-security.o)
                0x00000000000296bb                csma_security_create_frame
                0x00000000000296e1                csma_security_parse_frame
 .text          0x00000000000296f8      0x8b7 build/cooja/contiki-ng-cooja.a(uip-icmp6.o)
                0x0000000000029775                uip_icmp6_input
                0x00000000000297d3                uip_icmp6_register_input_handler
                0x0000000000029965                uip_icmp6_error_output
                0x0000000000029cca                uip_icmp6_send
                0x0000000000029f16                uip_icmp6_echo_reply_callback_add
                0x0000000000029f5d                uip_icmp6_echo_reply_callback_rm
                0x0000000000029f86                uip_icmp6_init
 .text          0x0000000000029faf      0x87f build/cooja/contiki-ng-cooja.a(uip-nd6.o)
                0x000000000002a814                uip_nd6_init
 .text          0x000000000002a82e      0x7e7 build/cooja/contiki-ng-cooja.a(uip-sr.o)
                0x000000000002a82e                uip_sr_num_nodes
                0x000000000002a8d9                uip_sr_get_node
                0x000000000002a941                uip_sr_is_addr_reachable
                0x000000000002aa09                uip_sr_expire_parent
                0x000000000002aa78                uip_sr_update_node
                0x000000000002abec                uip_sr_init
                0x000000000002ac1f                uip_sr_node_head
                0x000000000002ac38                uip_sr_node_next
                0x000000000002ac56                uip_sr_periodic
                0x000000000002ad92                uip_sr_free_all
                0x000000000002ae11                uip_sr_link_snprint
 .text          0x000000000002b015      0x35a build/cooja/contiki-ng-cooja.a(rpl-dag-root.o)
                0x000000000002b015                rpl_dag_root_print_links
                0x000000000002b18a                rpl_dag_root_set_prefix
                0x000000000002b1c6                rpl_dag_root_start
                0x000000000002b32f                rpl_dag_root_is_root
 .text          0x000000000002b36f     0x1219 build/cooja/contiki-ng-cooja.a(rpl-dag.o)
                0x000000000002b36f                rpl_dag_state_to_str
                0x000000000002b3cd                rpl_dag_get_root_ipaddr
                0x000000000002b417                rpl_dag_leave
                0x000000000002b4c2                rpl_dag_poison_and_leave
                0x000000000002b4e0                rpl_dag_periodic
                0x000000000002b5a4                rpl_is_addr_in_our_dag
                0x000000000002b600                rpl_get_default_instance
                0x000000000002b627                rpl_get_any_dag
                0x000000000002b694                rpl_refresh_routes
                0x000000000002b6f6                rpl_global_repair
                0x000000000002b7b8                rpl_local_repair
                0x000000000002b81a                rpl_dag_ready_to_advertise
                0x000000000002b872                rpl_dag_update_state
                0x000000000002c135                rpl_process_dio
                0x000000000002c1d7                rpl_process_dis
                0x000000000002c22b                rpl_process_dao
                0x000000000002c2d4                rpl_process_dao_ack
                0x000000000002c384                rpl_process_hbh
                0x000000000002c3e3                rpl_dag_init_root
                0x000000000002c564                rpl_dag_init
 .text          0x000000000002c588      0xdef build/cooja/contiki-ng-cooja.a(rpl-ext-header.o)
                0x000000000002c588                rpl_ext_header_srh_get_next_hop
                0x000000000002c699                rpl_ext_header_srh_update
                0x000000000002cd28                rpl_ext_header_hbh_update
                0x000000000002d0c8                rpl_ext_header_update
                0x000000000002d172                rpl_ext_header_remove
 .text          0x000000000002d377     0x16eb build/cooja/contiki-ng-cooja.a(rpl-icmp6.o)
                0x000000000002d50b                rpl_icmp6_update_nbr_table
                0x000000000002d5c0                rpl_icmp6_dis_output
                0x000000000002dce4                rpl_icmp6_dio_output
                0x000000000002e614                rpl_icmp6_dao_output
                0x000000000002e985                rpl_icmp6_dao_ack_output
                0x000000000002ea1b                rpl_icmp6_init
 .text          0x000000000002ea62      0x36f build/cooja/contiki-ng-cooja.a(rpl-mrhof.o)
 .text          0x000000000002edd1       0x8c build/cooja/contiki-ng-cooja.a(rpl-nbr-policy.o)
                0x000000000002ee19                rpl_nbr_gc_get_worst
 .text          0x000000000002ee5d      0xadd build/cooja/contiki-ng-cooja.a(rpl-neighbor.o)
                0x000000000002eef0                rpl_neighbor_snprint
                0x000000000002f21e                rpl_neighbor_print_list
                0x000000000002f2f5                rpl_neighbor_count
                0x000000000002f3e0                rpl_neighbor_get_from_lladdr
                0x000000000002f40b                rpl_neighbor_is_acceptable_parent
                0x000000000002f457                rpl_neighbor_get_link_metric
                0x000000000002f4a3                rpl_neighbor_rank_via_nbr
                0x000000000002f4ef                rpl_neighbor_get_lladdr
                0x000000000002f51a                rpl_neighbor_get_ipaddr
                0x000000000002f548                rpl_neighbor_get_link_stats
                0x000000000002f576                rpl_neighbor_is_fresh
                0x000000000002f5a4                rpl_neighbor_is_parent
                0x000000000002f5dd                rpl_neighbor_set_preferred_parent
                0x000000000002f694                rpl_neighbor_remove_all
                0x000000000002f6fa                rpl_neighbor_get_from_ipaddr
                0x000000000002f833                rpl_neighbor_select_best
                0x000000000002f913                rpl_neighbor_init
 .text          0x000000000002f93a      0xd3d build/cooja/contiki-ng-cooja.a(rpl-timers.o)
                0x000000000002f93a                rpl_timers_schedule_periodic_dis
                0x000000000002faf0                rpl_timers_dio_reset
                0x000000000002fc74                rpl_timers_schedule_unicast_dio
                0x000000000002fe5b                rpl_timers_schedule_dao
                0x000000000002ff61                rpl_timers_schedule_dao_ack
                0x0000000000030026                rpl_timers_notify_dao_ack
                0x000000000003009b                get_probing_delay
                0x00000000000300e2                get_probing_target
                0x0000000000030320                rpl_schedule_probing
                0x0000000000030367                rpl_schedule_probing_now
                0x00000000000303f5                rpl_timers_unschedule_leaving
                0x000000000003043f                rpl_timers_schedule_leaving
                0x000000000003049d                rpl_timers_init
                0x000000000003054f                rpl_timers_stop_dag_timers
                0x00000000000305f1                rpl_timers_unschedule_state_update
                0x000000000003061e                rpl_timers_schedule_state_update
 .text          0x0000000000030677       0x34 build/cooja/contiki-ng-cooja.a(assert.o)
                0x0000000000030677                _xassert
 .text          0x00000000000306ab       0x3a build/cooja/contiki-ng-cooja.a(mac.o)
                0x00000000000306ab                mac_call_sent_callback
 .text          0x00000000000306e5      0xca9 build/cooja/contiki-ng-cooja.a(frame802154.o)
                0x0000000000030713                frame802154_get_pan_id
                0x0000000000030724                frame802154_set_pan_id
                0x0000000000030740                frame802154_has_panid
                0x000000000003091f                frame802154_check_dest_panid
                0x00000000000309bd                frame802154_is_broadcast_addr
                0x0000000000030a14                frame802154_extract_linkaddr
                0x0000000000030cae                frame802154_hdrlen
                0x0000000000030d2d                frame802154_create_fcf
                0x0000000000030dff                frame802154_create
                0x0000000000030fa9                frame802154_parse_fcf
                0x00000000000310a0                frame802154_parse
 .text          0x000000000003138e        0x0 /usr/lib/gcc/x86_64-linux-gnu/11/crtendS.o
 .text          0x000000000003138e        0x0 /usr/lib/gcc/x86_64-linux-gnu/11/../../../x86_64-linux-gnu/crtn.o
 *(.gnu.warning)

.fini           0x0000000000031390        0xd
 *(SORT_NONE(.fini))
 .fini          0x0000000000031390        0x8 /usr/lib/gcc/x86_64-linux-gnu/11/../../../x86_64-linux-gnu/crti.o
                0x0000000000031390                _fini
 .fini          0x0000000000031398        0x5 /usr/lib/gcc/x86_64-linux-gnu/11/../../../x86_64-linux-gnu/crtn.o
                [!provide]                        PROVIDE (__etext = .)
                [!provide]                        PROVIDE (_etext = .)
                [!provide]                        PROVIDE (etext = .)
                0x0000000000032000                . = ALIGN (CONSTANT (MAXPAGESIZE))
                0x0000000000032000                . = SEGMENT_START ("rodata-segment", (ALIGN (CONSTANT (MAXPAGESIZE)) + (. & (CONSTANT (MAXPAGESIZE) - 0x1))))

.rodata         0x0000000000032000      0xabd
 *(.rodata .rodata.* .gnu.linkonce.r.*)
 .rodata        0x0000000000032000       0x62 display.o
 .rodata        0x0000000000032062        0x6 build/cooja/contiki-ng-cooja.a(leds-arch.o)
                0x0000000000032062                leds_arch_leds
 .rodata        0x0000000000032068        0x4 build/cooja/contiki-ng-cooja.a(pir-sensor.o)
 .rodata        0x000000000003206c        0x3 build/cooja/contiki-ng-cooja.a(rs232.o)
 .rodata        0x000000000003206f        0xa build/cooja/contiki-ng-cooja.a(vib-sensor.o)
 *fill*         0x0000000000032079        0x7 
 .rodata        0x0000000000032080       0x26 build/cooja/contiki-ng-cooja.a(cfs-cooja.o)
 *fill*         0x00000000000320a6        0x2 
 .rodata        0x00000000000320a8       0x68 build/cooja/contiki-ng-cooja.a(cooja-radio.o)
 .rodata        0x0000000000032110        0x8 build/cooja/contiki-ng-cooja.a(sensors.o)
 .rodata        0x0000000000032118       0x14 build/cooja/contiki-ng-cooja.a(buttons.o)
                0x0000000000032124                button_hal_button_count
 .rodata        0x000000000003212c       0x1d build/cooja/contiki-ng-cooja.a(monitor.o)
 .rodata        0x0000000000032149       0x41 build/cooja/contiki-ng-cooja.a(coap-engine.o)
 .rodata        0x000000000003218a       0x11 build/cooja/contiki-ng-cooja.a(coap-observe.o)
 .rodata        0x000000000003219b       0x19 build/cooja/contiki-ng-cooja.a(coap-res-well-known-core.o)
 .rodata        0x00000000000321b4       0x35 build/cooja/contiki-ng-cooja.a(coap-uip.o)
 *fill*         0x00000000000321e9        0x7 
 .rodata        0x00000000000321f0      0x1b0 build/cooja/contiki-ng-cooja.a(coap.o)
 .rodata        0x00000000000323a0       0xf4 build/cooja/contiki-ng-cooja.a(contiki-main.o)
 .rodata        0x0000000000032494        0xf build/cooja/contiki-ng-cooja.a(ctimer.o)
 .rodata        0x00000000000324a3        0xc build/cooja/contiki-ng-cooja.a(etimer.o)
 *fill*         0x00000000000324af        0x1 
 .rodata        0x00000000000324b0       0xc0 build/cooja/contiki-ng-cooja.a(log.o)
 .rodata        0x0000000000032570       0x13 build/cooja/contiki-ng-cooja.a(button-hal.o)
 .rodata        0x0000000000032583        0xe build/cooja/contiki-ng-cooja.a(serial-line.o)
 *fill*         0x0000000000032591        0x7 
 .rodata        0x0000000000032598        0x8 build/cooja/contiki-ng-cooja.a(linkaddr.o)
                0x0000000000032598                linkaddr_null
 .rodata        0x00000000000325a0      0x280 build/cooja/contiki-ng-cooja.a(strformat.o)
 .rodata        0x0000000000032820        0x5 build/cooja/contiki-ng-cooja.a(csma.o)
 .rodata        0x0000000000032825       0x1d build/cooja/contiki-ng-cooja.a(sicslowpan.o)
                0x0000000000032825                unc_llconf
                0x0000000000032829                unc_ctxconf
                0x000000000003282d                unc_mxconf
                0x0000000000032831                llprefix
 .rodata        0x0000000000032842        0xd build/cooja/contiki-ng-cooja.a(tcpip.o)
 *fill*         0x000000000003284f        0x1 
 .rodata        0x0000000000032850       0x4c build/cooja/contiki-ng-cooja.a(uip-ds6-route.o)
 .rodata        0x000000000003289c       0x2d build/cooja/contiki-ng-cooja.a(uiplib.o)
 .rodata        0x00000000000328c9        0x9 build/cooja/contiki-ng-cooja.a(rpl.o)
 .rodata        0x00000000000328d2       0x13 build/cooja/contiki-ng-cooja.a(coap-timer-default.o)
 *fill*         0x00000000000328e5        0x3 
 .rodata        0x00000000000328e8       0x2a build/cooja/contiki-ng-cooja.a(csma-output.o)
 .rodata        0x0000000000032912       0x44 build/cooja/contiki-ng-cooja.a(uip-sr.o)
 .rodata        0x0000000000032956       0xd7 build/cooja/contiki-ng-cooja.a(rpl-dag.o)
 *fill*         0x0000000000032a2d        0x3 
 .rodata        0x0000000000032a30       0x58 build/cooja/contiki-ng-cooja.a(rpl-neighbor.o)
 .rodata        0x0000000000032a88        0xc build/cooja/contiki-ng-cooja.a(rpl-timers.o)
 *fill*         0x0000000000032a94        0x4 
 .rodata        0x0000000000032a98       0x25 build/cooja/contiki-ng-cooja.a(assert.o)

.rodata1
 *(.rodata1)

.eh_frame_hdr   0x0000000000032ac0     0x1a94
 *(.eh_frame_hdr)
 .eh_frame_hdr  0x0000000000032ac0     0x1a94 display.o
                0x0000000000032ac0                __GNU_EH_FRAME_HDR
 *(.eh_frame_entry .eh_frame_entry.*)

.eh_frame       0x0000000000034558     0x6ac0
 *(.eh_frame)
 .eh_frame      0x0000000000034558       0x40 /usr/lib/gcc/x86_64-linux-gnu/11/../../../x86_64-linux-gnu/crti.o
 .eh_frame      0x0000000000034598       0x18 /usr/lib/gcc/x86_64-linux-gnu/11/../../../x86_64-linux-gnu/crti.o
                                         0x30 (size before relaxing)
 .eh_frame      0x00000000000345b0       0x18 /usr/lib/gcc/x86_64-linux-gnu/11/../../../x86_64-linux-gnu/crti.o
                                         0x30 (size before relaxing)
 .eh_frame      0x00000000000345c8       0x20 display.o
                                         0x38 (size before relaxing)
 .eh_frame      0x00000000000345e8      0x198 build/cooja/mtype88926233.o
                                        0x1b0 (size before relaxing)
 .eh_frame      0x0000000000034780       0x40 build/cooja/contiki-ng-cooja.a(simEnvChange.o)
                                         0x58 (size before relaxing)
 .eh_frame      0x00000000000347c0       0x60 build/cooja/contiki-ng-cooja.a(cooja_mt.o)
                                         0x78 (size before relaxing)
 .eh_frame      0x0000000000034820       0x80 build/cooja/contiki-ng-cooja.a(cooja_mtarch.o)
                                         0x98 (size before relaxing)
 .eh_frame      0x00000000000348a0       0xc0 build/cooja/contiki-ng-cooja.a(rtimer-arch.o)
                                         0xd8 (size before relaxing)
 .eh_frame      0x0000000000034960      0x160 build/cooja/contiki-ng-cooja.a(beep.o)
                                        0x178 (size before relaxing)
 .eh_frame      0x0000000000034ac0       0x80 build/cooja/contiki-ng-cooja.a(leds-arch.o)
                                         0x98 (size before relaxing)
 .eh_frame      0x0000000000034b40       0x40 build/cooja/contiki-ng-cooja.a(moteid.o)
                                         0x58 (size before relaxing)
 .eh_frame      0x0000000000034b80       0xa0 build/cooja/contiki-ng-cooja.a(pir-sensor.o)
                                         0xb8 (size before relaxing)
 .eh_frame      0x0000000000034c20      0x100 build/cooja/contiki-ng-cooja.a(rs232.o)
                                        0x118 (size before relaxing)
 .eh_frame      0x0000000000034d20       0xa0 build/cooja/contiki-ng-cooja.a(vib-sensor.o)
                                         0xb8 (size before relaxing)
 .eh_frame      0x0000000000034dc0       0xc0 build/cooja/contiki-ng-cooja.a(clock.o)
                                         0xd8 (size before relaxing)
 .eh_frame      0x0000000000034e80      0x100 build/cooja/contiki-ng-cooja.a(cooja-log.o)
                                        0x118 (size before relaxing)
 .eh_frame      0x0000000000034f80      0x160 build/cooja/contiki-ng-cooja.a(cfs-cooja.o)
                                        0x178 (size before relaxing)
 .eh_frame      0x00000000000350e0      0x360 build/cooja/contiki-ng-cooja.a(cooja-radio.o)
                                        0x378 (size before relaxing)
 .eh_frame      0x0000000000035440       0xa0 build/cooja/contiki-ng-cooja.a(eeprom.o)
                                         0xb8 (size before relaxing)
 .eh_frame      0x00000000000354e0       0x40 build/cooja/contiki-ng-cooja.a(random.o)
                                         0x58 (size before relaxing)
 .eh_frame      0x0000000000035520       0xc0 build/cooja/contiki-ng-cooja.a(sensors.o)
                                         0xd8 (size before relaxing)
 .eh_frame      0x00000000000355e0      0x120 build/cooja/contiki-ng-cooja.a(leds.o)
                                        0x138 (size before relaxing)
 .eh_frame      0x0000000000035700      0x220 build/cooja/contiki-ng-cooja.a(gpio-hal-arch.o)
                                        0x238 (size before relaxing)
 .eh_frame      0x0000000000035920       0xa0 build/cooja/contiki-ng-cooja.a(buttons.o)
                                         0xb8 (size before relaxing)
 .eh_frame      0x00000000000359c0       0x20 build/cooja/contiki-ng-cooja.a(monitor.o)
                                         0x38 (size before relaxing)
 .eh_frame      0x00000000000359e0      0x220 build/cooja/contiki-ng-cooja.a(coap-engine.o)
                                        0x238 (size before relaxing)
 .eh_frame      0x0000000000035c00      0x188 build/cooja/contiki-ng-cooja.a(coap-observe.o)
                                        0x1a0 (size before relaxing)
 .eh_frame      0x0000000000035d88       0x20 build/cooja/contiki-ng-cooja.a(coap-res-well-known-core.o)
                                         0x38 (size before relaxing)
 .eh_frame      0x0000000000035da8      0x108 build/cooja/contiki-ng-cooja.a(coap-timer.o)
                                        0x120 (size before relaxing)
 .eh_frame      0x0000000000035eb0      0x100 build/cooja/contiki-ng-cooja.a(coap-transactions.o)
                                        0x118 (size before relaxing)
 .eh_frame      0x0000000000035fb0      0x248 build/cooja/contiki-ng-cooja.a(coap-uip.o)
                                        0x260 (size before relaxing)
 .eh_frame      0x00000000000361f8      0x6e8 build/cooja/contiki-ng-cooja.a(coap.o)
                                        0x700 (size before relaxing)
 .eh_frame      0x00000000000368e0       0x20 build/cooja/contiki-ng-cooja.a(contiki-main.o)
                                         0x38 (size before relaxing)
 .eh_frame      0x0000000000036900       0x40 build/cooja/contiki-ng-cooja.a(autostart.o)
                                         0x58 (size before relaxing)
 .eh_frame      0x0000000000036940      0x100 build/cooja/contiki-ng-cooja.a(ctimer.o)
                                        0x118 (size before relaxing)
 .eh_frame      0x0000000000036a40       0x60 build/cooja/contiki-ng-cooja.a(energest.o)
                                         0x78 (size before relaxing)
 .eh_frame      0x0000000000036aa0      0x1e0 build/cooja/contiki-ng-cooja.a(etimer.o)
                                        0x1f8 (size before relaxing)
 .eh_frame      0x0000000000036c80      0x120 build/cooja/contiki-ng-cooja.a(log.o)
                                        0x138 (size before relaxing)
 .eh_frame      0x0000000000036da0       0x20 build/cooja/contiki-ng-cooja.a(node-id.o)
                                         0x38 (size before relaxing)
 .eh_frame      0x0000000000036dc0      0x1c8 build/cooja/contiki-ng-cooja.a(process.o)
                                        0x1e0 (size before relaxing)
 .eh_frame      0x0000000000036f88       0x60 build/cooja/contiki-ng-cooja.a(rtimer.o)
                                         0x78 (size before relaxing)
 .eh_frame      0x0000000000036fe8       0xa0 build/cooja/contiki-ng-cooja.a(timer.o)
                                         0xb8 (size before relaxing)
 .eh_frame      0x0000000000037088      0x1a0 build/cooja/contiki-ng-cooja.a(list.o)
                                        0x1b8 (size before relaxing)
 .eh_frame      0x0000000000037228       0xa0 build/cooja/contiki-ng-cooja.a(memb.o)
                                         0xb8 (size before relaxing)
 .eh_frame      0x00000000000372c8      0x160 build/cooja/contiki-ng-cooja.a(button-hal.o)
                                        0x178 (size before relaxing)
 .eh_frame      0x0000000000037428       0xe0 build/cooja/contiki-ng-cooja.a(gpio-hal.o)
                                         0xf8 (size before relaxing)
 .eh_frame      0x0000000000037508       0x60 build/cooja/contiki-ng-cooja.a(serial-line.o)
                                         0x78 (size before relaxing)
 .eh_frame      0x0000000000037568       0x60 build/cooja/contiki-ng-cooja.a(linkaddr.o)
                                         0x78 (size before relaxing)
 .eh_frame      0x00000000000375c8       0x80 build/cooja/contiki-ng-cooja.a(netstack.o)
                                         0x98 (size before relaxing)
 .eh_frame      0x0000000000037648      0x288 build/cooja/contiki-ng-cooja.a(packetbuf.o)
                                        0x2a0 (size before relaxing)
 .eh_frame      0x00000000000378d0      0x1a0 build/cooja/contiki-ng-cooja.a(queuebuf.o)
                                        0x1b8 (size before relaxing)
 .eh_frame      0x0000000000037a70       0x40 build/cooja/contiki-ng-cooja.a(printf.o)
                                         0x58 (size before relaxing)
 .eh_frame      0x0000000000037ab0       0x20 build/cooja/contiki-ng-cooja.a(putchar.o)
                                         0x38 (size before relaxing)
 .eh_frame      0x0000000000037ad0       0x20 build/cooja/contiki-ng-cooja.a(puts.o)
                                         0x38 (size before relaxing)
 .eh_frame      0x0000000000037af0       0x60 build/cooja/contiki-ng-cooja.a(snprintf.o)
                                         0x78 (size before relaxing)
 .eh_frame      0x0000000000037b50      0x120 build/cooja/contiki-ng-cooja.a(strformat.o)
                                        0x138 (size before relaxing)
 .eh_frame      0x0000000000037c70       0xe0 build/cooja/contiki-ng-cooja.a(csma.o)
                                         0xf8 (size before relaxing)
 .eh_frame      0x0000000000037d50      0x2e0 build/cooja/contiki-ng-cooja.a(sicslowpan.o)
                                        0x2f8 (size before relaxing)
 .eh_frame      0x0000000000038030      0x248 build/cooja/contiki-ng-cooja.a(tcpip.o)
                                        0x260 (size before relaxing)
 .eh_frame      0x0000000000038278      0x1c0 build/cooja/contiki-ng-cooja.a(uip-ds6-nbr.o)
                                        0x1d8 (size before relaxing)
 .eh_frame      0x0000000000038438      0x240 build/cooja/contiki-ng-cooja.a(uip-ds6-route.o)
                                        0x258 (size before relaxing)
 .eh_frame      0x0000000000038678      0x328 build/cooja/contiki-ng-cooja.a(uip-ds6.o)
                                        0x340 (size before relaxing)
 .eh_frame      0x00000000000389a0       0xe0 build/cooja/contiki-ng-cooja.a(uip-packetqueue.o)
                                         0xf8 (size before relaxing)
 .eh_frame      0x0000000000038a80       0x40 build/cooja/contiki-ng-cooja.a(uip-udp-packet.o)
                                         0x58 (size before relaxing)
 .eh_frame      0x0000000000038ac0      0x1e8 build/cooja/contiki-ng-cooja.a(uip6.o)
                                        0x200 (size before relaxing)
 .eh_frame      0x0000000000038ca8      0x200 build/cooja/contiki-ng-cooja.a(uipbuf.o)
                                        0x218 (size before relaxing)
 .eh_frame      0x0000000000038ea8       0x80 build/cooja/contiki-ng-cooja.a(uiplib.o)
                                         0x98 (size before relaxing)
 .eh_frame      0x0000000000038f28      0x1e0 build/cooja/contiki-ng-cooja.a(rpl.o)
                                        0x1f8 (size before relaxing)
 .eh_frame      0x0000000000039108       0xa0 build/cooja/contiki-ng-cooja.a(watchdog.o)
                                         0xb8 (size before relaxing)
 .eh_frame      0x00000000000391a8       0x80 build/cooja/contiki-ng-cooja.a(int-master.o)
                                         0x98 (size before relaxing)
 .eh_frame      0x0000000000039228       0xa0 build/cooja/contiki-ng-cooja.a(coap-timer-default.o)
                                         0xb8 (size before relaxing)
 .eh_frame      0x00000000000392c8       0xc0 build/cooja/contiki-ng-cooja.a(stimer.o)
                                         0xd8 (size before relaxing)
 .eh_frame      0x0000000000039388       0xa0 build/cooja/contiki-ng-cooja.a(ringbuf.o)
                                         0xb8 (size before relaxing)
 .eh_frame      0x0000000000039428      0x120 build/cooja/contiki-ng-cooja.a(link-stats.o)
                                        0x138 (size before relaxing)
 .eh_frame      0x0000000000039548      0x3e0 build/cooja/contiki-ng-cooja.a(nbr-table.o)
                                        0x3f8 (size before relaxing)
 .eh_frame      0x0000000000039928       0x48 build/cooja/contiki-ng-cooja.a(mac-sequence.o)
                                         0x60 (size before relaxing)
 .eh_frame      0x0000000000039970       0xa8 build/cooja/contiki-ng-cooja.a(framer-802154.o)
                                         0xc0 (size before relaxing)
 .eh_frame      0x0000000000039a18      0x1c8 build/cooja/contiki-ng-cooja.a(csma-output.o)
                                        0x1e0 (size before relaxing)
 .eh_frame      0x0000000000039be0       0x40 build/cooja/contiki-ng-cooja.a(csma-security.o)
                                         0x58 (size before relaxing)
 .eh_frame      0x0000000000039c20      0x148 build/cooja/contiki-ng-cooja.a(uip-icmp6.o)
                                        0x160 (size before relaxing)
 .eh_frame      0x0000000000039d68       0x80 build/cooja/contiki-ng-cooja.a(uip-nd6.o)
                                         0x98 (size before relaxing)
 .eh_frame      0x0000000000039de8      0x180 build/cooja/contiki-ng-cooja.a(uip-sr.o)
                                        0x198 (size before relaxing)
 .eh_frame      0x0000000000039f68       0xa0 build/cooja/contiki-ng-cooja.a(rpl-dag-root.o)
                                         0xb8 (size before relaxing)
 .eh_frame      0x000000000003a008      0x360 build/cooja/contiki-ng-cooja.a(rpl-dag.o)
                                        0x378 (size before relaxing)
 .eh_frame      0x000000000003a368      0x128 build/cooja/contiki-ng-cooja.a(rpl-ext-header.o)
                                        0x140 (size before relaxing)
 .eh_frame      0x000000000003a490      0x1c0 build/cooja/contiki-ng-cooja.a(rpl-icmp6.o)
                                        0x1d8 (size before relaxing)
 .eh_frame      0x000000000003a650      0x148 build/cooja/contiki-ng-cooja.a(rpl-mrhof.o)
                                        0x160 (size before relaxing)
 .eh_frame      0x000000000003a798       0x40 build/cooja/contiki-ng-cooja.a(rpl-nbr-policy.o)
                                         0x58 (size before relaxing)
 .eh_frame      0x000000000003a7d8      0x2b0 build/cooja/contiki-ng-cooja.a(rpl-neighbor.o)
                                        0x2c8 (size before relaxing)
 .eh_frame      0x000000000003aa88      0x3a8 build/cooja/contiki-ng-cooja.a(rpl-timers.o)
                                        0x3c0 (size before relaxing)
 .eh_frame      0x000000000003ae30       0x20 build/cooja/contiki-ng-cooja.a(assert.o)
                                         0x38 (size before relaxing)
 .eh_frame      0x000000000003ae50       0x20 build/cooja/contiki-ng-cooja.a(mac.o)
                                         0x38 (size before relaxing)
 .eh_frame      0x000000000003ae70      0x1a4 build/cooja/contiki-ng-cooja.a(frame802154.o)
                                        0x1c0 (size before relaxing)
 .eh_frame      0x000000000003b014        0x4 /usr/lib/gcc/x86_64-linux-gnu/11/crtendS.o
 *(.eh_frame.*)

.gcc_except_table
 *(.gcc_except_table .gcc_except_table.*)

.gnu_extab
 *(.gnu_extab*)

.exception_ranges
 *(.exception_ranges*)
                0x000000000003c6b0                . = DATA_SEGMENT_ALIGN (CONSTANT (MAXPAGESIZE), CONSTANT (COMMONPAGESIZE))

.eh_frame
 *(.eh_frame)
 *(.eh_frame.*)

.gnu_extab
 *(.gnu_extab)

.gcc_except_table
 *(.gcc_except_table .gcc_except_table.*)

.exception_ranges
 *(.exception_ranges*)

.tdata
 *(.tdata .tdata.* .gnu.linkonce.td.*)

.tbss
 *(.tbss .tbss.* .gnu.linkonce.tb.*)
 *(.tcommon)

.preinit_array
 *(.preinit_array)

.init_array     0x000000000003c6b0        0x8
 *(SORT_BY_INIT_PRIORITY(.init_array.*) SORT_BY_INIT_PRIORITY(.ctors.*))
 *(.init_array EXCLUDE_FILE(*crtend?.o *crtend.o *crtbegin?.o *crtbegin.o) .ctors)
 .init_array    0x000000000003c6b0        0x8 /usr/lib/gcc/x86_64-linux-gnu/11/crtbeginS.o

.fini_array     0x000000000003c6b8        0x8
 *(SORT_BY_INIT_PRIORITY(.fini_array.*) SORT_BY_INIT_PRIORITY(.dtors.*))
 *(.fini_array EXCLUDE_FILE(*crtend?.o *crtend.o *crtbegin?.o *crtbegin.o) .dtors)
 .fini_array    0x000000000003c6b8        0x8 /usr/lib/gcc/x86_64-linux-gnu/11/crtbeginS.o

.ctors
 *crtbegin.o(.ctors)
 *crtbegin?.o(.ctors)
 *(EXCLUDE_FILE(*crtend?.o *crtend.o) .ctors)
 *(SORT_BY_NAME(.ctors.*))
 *(.ctors)

.dtors
 *crtbegin.o(.dtors)
 *crtbegin?.o(.dtors)
 *(EXCLUDE_FILE(*crtend?.o *crtend.o) .dtors)
 *(SORT_BY_NAME(.dtors.*))
 *(.dtors)

.jcr
 *(.jcr)

.data.rel.ro    0x000000000003c6c0      0x370
 *(.data.rel.ro.local* .gnu.linkonce.d.rel.ro.local.*)
 .data.rel.ro.local
                0x000000000003c6c0       0x10 build/cooja/contiki-ng-cooja.a(beep.o)
                0x000000000003c6c0                beep_interface
 .data.rel.ro.local
                0x000000000003c6d0       0x10 build/cooja/contiki-ng-cooja.a(leds-arch.o)
                0x000000000003c6d0                leds_interface
 .data.rel.ro.local
                0x000000000003c6e0       0x10 build/cooja/contiki-ng-cooja.a(moteid.o)
                0x000000000003c6e0                moteid_interface
 *fill*         0x000000000003c6f0       0x10 
 .data.rel.ro.local
                0x000000000003c700       0x40 build/cooja/contiki-ng-cooja.a(pir-sensor.o)
                0x000000000003c700                pir_interface
                0x000000000003c720                pir_sensor
 .data.rel.ro.local
                0x000000000003c740       0x10 build/cooja/contiki-ng-cooja.a(rs232.o)
                0x000000000003c740                rs232_interface
 *fill*         0x000000000003c750       0x10 
 .data.rel.ro.local
                0x000000000003c760       0x40 build/cooja/contiki-ng-cooja.a(vib-sensor.o)
                0x000000000003c760                vib_interface
                0x000000000003c780                vib_sensor
 .data.rel.ro.local
                0x000000000003c7a0       0x10 build/cooja/contiki-ng-cooja.a(clock.o)
                0x000000000003c7a0                clock_interface
 .data.rel.ro.local
                0x000000000003c7b0       0x10 build/cooja/contiki-ng-cooja.a(cooja-log.o)
                0x000000000003c7b0                simlog_interface
 .data.rel.ro.local
                0x000000000003c7c0       0x10 build/cooja/contiki-ng-cooja.a(cfs-cooja.o)
                0x000000000003c7c0                cfs_interface
 *fill*         0x000000000003c7d0       0x10 
 .data.rel.ro.local
                0x000000000003c7e0       0x90 build/cooja/contiki-ng-cooja.a(cooja-radio.o)
                0x000000000003c7e0                radio_interface
                0x000000000003c800                cooja_radio_driver
 .data.rel.ro.local
                0x000000000003c870       0x10 build/cooja/contiki-ng-cooja.a(eeprom.o)
                0x000000000003c870                eeprom_interface
 .data.rel.ro.local
                0x000000000003c880       0x40 build/cooja/contiki-ng-cooja.a(buttons.o)
                0x000000000003c880                button_interface
                0x000000000003c8a0                button_sensor
 .data.rel.ro.local
                0x000000000003c8c0       0x38 build/cooja/contiki-ng-cooja.a(csma.o)
                0x000000000003c8c0                csma_driver
 *fill*         0x000000000003c8f8        0x8 
 .data.rel.ro.local
                0x000000000003c900       0x18 build/cooja/contiki-ng-cooja.a(coap-timer-default.o)
                0x000000000003c900                coap_timer_default_driver
 *fill*         0x000000000003c918        0x8 
 .data.rel.ro.local
                0x000000000003c920       0x18 build/cooja/contiki-ng-cooja.a(framer-802154.o)
                0x000000000003c920                framer_802154
 *(.data.rel.ro .data.rel.ro.* .gnu.linkonce.d.rel.ro.*)
 .data.rel.ro   0x000000000003c938        0x0 /usr/lib/gcc/x86_64-linux-gnu/11/../../../x86_64-linux-gnu/crti.o
 *fill*         0x000000000003c938        0x8 
 .data.rel.ro   0x000000000003c940       0x10 display.o
                0x000000000003c940                autostart_processes
 *fill*         0x000000000003c950       0x10 
 .data.rel.ro   0x000000000003c960       0x20 build/cooja/contiki-ng-cooja.a(sicslowpan.o)
                0x000000000003c960                sicslowpan_driver
 .data.rel.ro   0x000000000003c980       0xa8 build/cooja/contiki-ng-cooja.a(rpl.o)
                0x000000000003c980                rpl_lite_driver
 .data.rel.ro   0x000000000003ca28        0x8 build/cooja/contiki-ng-cooja.a(rpl-dag.o)

.dynamic        0x000000000003ca30      0x1c0
 *(.dynamic)
 .dynamic       0x000000000003ca30      0x1c0 /usr/lib/gcc/x86_64-linux-gnu/11/../../../x86_64-linux-gnu/crti.o
                0x000000000003ca30                _DYNAMIC

.got            0x000000000003cbf0      0x3f8
 *(.got)
 .got           0x000000000003cbf0      0x3f8 /usr/lib/gcc/x86_64-linux-gnu/11/../../../x86_64-linux-gnu/crti.o
 *(.igot)
                0x000000000003cfe8                . = DATA_SEGMENT_RELRO_END (., (SIZEOF (.got.plt) >= 0x18)?0x18:0x0)

.got.plt        0x000000000003d000      0xc78
 *(.got.plt)
 .got.plt       0x000000000003d000      0xc78 /usr/lib/gcc/x86_64-linux-gnu/11/../../../x86_64-linux-gnu/crti.o
                0x000000000003d000                _GLOBAL_OFFSET_TABLE_
 *(.igot.plt)

.data           0x000000000003dc80      0x8d2
 *(.data .data.* .gnu.linkonce.d.*)
 .data          0x000000000003dc80        0x0 /usr/lib/gcc/x86_64-linux-gnu/11/../../../x86_64-linux-gnu/crti.o
 .data          0x000000000003dc80        0x0 /usr/lib/gcc/x86_64-linux-gnu/11/crtbeginS.o
 .data.rel.local
                0x000000000003dc80        0x8 /usr/lib/gcc/x86_64-linux-gnu/11/crtbeginS.o
                0x000000000003dc80                __dso_handle
 .data          0x000000000003dc88        0x0 display.o
 *fill*         0x000000000003dc88       0x18 
 .data.rel.local
                0x000000000003dca0       0x20 display.o
                0x000000000003dca0                display
 .data          0x000000000003dcc0        0x0 build/cooja/mtype88926233.o
 .data.rel      0x000000000003dcc0       0xa0 build/cooja/mtype88926233.o
                0x000000000003dcc0                simInterfaces
                0x000000000003dd40                sensors
 .data          0x000000000003dd60        0x0 build/cooja/contiki-ng-cooja.a(simEnvChange.o)
 .data          0x000000000003dd60        0x0 build/cooja/contiki-ng-cooja.a(cooja_mt.o)
 .data          0x000000000003dd60        0x0 build/cooja/contiki-ng-cooja.a(cooja_mtarch.o)
 .data          0x000000000003dd60        0x0 build/cooja/contiki-ng-cooja.a(rtimer-arch.o)
 .data          0x000000000003dd60        0x0 build/cooja/contiki-ng-cooja.a(beep.o)
 .data          0x000000000003dd60        0x0 build/cooja/contiki-ng-cooja.a(leds-arch.o)
 .data          0x000000000003dd60        0x0 build/cooja/contiki-ng-cooja.a(moteid.o)
 .data          0x000000000003dd60        0x0 build/cooja/contiki-ng-cooja.a(pir-sensor.o)
 .data          0x000000000003dd60        0x0 build/cooja/contiki-ng-cooja.a(rs232.o)
 .data          0x000000000003dd60        0x0 build/cooja/contiki-ng-cooja.a(vib-sensor.o)
 .data          0x000000000003dd60        0x0 build/cooja/contiki-ng-cooja.a(clock.o)
 .data          0x000000000003dd60        0x0 build/cooja/contiki-ng-cooja.a(cooja-log.o)
 .data          0x000000000003dd60        0x0 build/cooja/contiki-ng-cooja.a(cfs-cooja.o)
 .data          0x000000000003dd60       0x20 build/cooja/contiki-ng-cooja.a(cooja-radio.o)
                0x000000000003dd60                simRadioHWOn
                0x000000000003dd64                simSignalStrength
                0x000000000003dd68                simLastSignalStrength
                0x000000000003dd6c                simPower
                0x000000000003dd70                simRadioChannel
                0x000000000003dd74                simLQI
                0x000000000003dd78                simLastLQI
 .data.rel.local
                0x000000000003dd80       0x20 build/cooja/contiki-ng-cooja.a(cooja-radio.o)
                0x000000000003dd80                cooja_radio_process
 .data          0x000000000003dda0        0x0 build/cooja/contiki-ng-cooja.a(eeprom.o)
 .data          0x000000000003dda0        0x0 build/cooja/contiki-ng-cooja.a(random.o)
 .data          0x000000000003dda0        0x0 build/cooja/contiki-ng-cooja.a(sensors.o)
 .data.rel.local
                0x000000000003dda0       0x20 build/cooja/contiki-ng-cooja.a(sensors.o)
                0x000000000003dda0                sensors_process
 .data          0x000000000003ddc0        0x0 build/cooja/contiki-ng-cooja.a(leds.o)
 .data          0x000000000003ddc0        0x0 build/cooja/contiki-ng-cooja.a(gpio-hal-arch.o)
 .data          0x000000000003ddc0        0x1 build/cooja/contiki-ng-cooja.a(buttons.o)
                0x000000000003ddc0                simButtonIsActive
 *fill*         0x000000000003ddc1       0x1f 
 .data.rel.local
                0x000000000003dde0       0xb0 build/cooja/contiki-ng-cooja.a(buttons.o)
                0x000000000003de80                button_hal_buttons
 .data          0x000000000003de90        0x0 build/cooja/contiki-ng-cooja.a(monitor.o)
 *fill*         0x000000000003de90       0x10 
 .data.rel.local
                0x000000000003dea0       0x48 build/cooja/contiki-ng-cooja.a(monitor.o)
                0x000000000003dea0                monitor
 .data          0x000000000003dee8        0x0 build/cooja/contiki-ng-cooja.a(coap-engine.o)
 .data.rel.local
                0x000000000003dee8       0x10 build/cooja/contiki-ng-cooja.a(coap-engine.o)
 .data          0x000000000003def8        0x0 build/cooja/contiki-ng-cooja.a(coap-observe.o)
 *fill*         0x000000000003def8        0x8 
 .data.rel.local
                0x000000000003df00       0x20 build/cooja/contiki-ng-cooja.a(coap-observe.o)
 .data          0x000000000003df20        0x0 build/cooja/contiki-ng-cooja.a(coap-res-well-known-core.o)
 .data.rel.local
                0x000000000003df20       0x48 build/cooja/contiki-ng-cooja.a(coap-res-well-known-core.o)
                0x000000000003df20                res_well_known_core
 .data          0x000000000003df68        0x0 build/cooja/contiki-ng-cooja.a(coap-timer.o)
 .data.rel.local
                0x000000000003df68        0x8 build/cooja/contiki-ng-cooja.a(coap-timer.o)
 .data          0x000000000003df70        0x0 build/cooja/contiki-ng-cooja.a(coap-transactions.o)
 .data.rel.local
                0x000000000003df70       0x20 build/cooja/contiki-ng-cooja.a(coap-transactions.o)
 .data          0x000000000003df90        0x0 build/cooja/contiki-ng-cooja.a(coap-uip.o)
 *fill*         0x000000000003df90       0x10 
 .data.rel.local
                0x000000000003dfa0       0x20 build/cooja/contiki-ng-cooja.a(coap-uip.o)
                0x000000000003dfa0                coap_engine
 .data          0x000000000003dfc0        0x0 build/cooja/contiki-ng-cooja.a(coap.o)
 .data.rel.local
                0x000000000003dfc0        0x8 build/cooja/contiki-ng-cooja.a(coap.o)
                0x000000000003dfc0                coap_error_message
 .data          0x000000000003dfc8        0x0 build/cooja/contiki-ng-cooja.a(contiki-main.o)
 .data          0x000000000003dfc8        0x0 build/cooja/contiki-ng-cooja.a(autostart.o)
 .data          0x000000000003dfc8        0x0 build/cooja/contiki-ng-cooja.a(ctimer.o)
 *fill*         0x000000000003dfc8       0x18 
 .data.rel.local
                0x000000000003dfe0       0x40 build/cooja/contiki-ng-cooja.a(ctimer.o)
                0x000000000003e000                ctimer_process
 .data          0x000000000003e020        0x0 build/cooja/contiki-ng-cooja.a(energest.o)
 .data          0x000000000003e020        0x0 build/cooja/contiki-ng-cooja.a(etimer.o)
 .data.rel.local
                0x000000000003e020       0x20 build/cooja/contiki-ng-cooja.a(etimer.o)
                0x000000000003e020                etimer_process
 .data          0x000000000003e040        0x4 build/cooja/contiki-ng-cooja.a(log.o)
                0x000000000003e040                curr_log_level_main
 *fill*         0x000000000003e044       0x1c 
 .data.rel      0x000000000003e060      0x138 build/cooja/contiki-ng-cooja.a(log.o)
                0x000000000003e060                all_modules
 .data          0x000000000003e198        0x0 build/cooja/contiki-ng-cooja.a(node-id.o)
 .data          0x000000000003e198        0x0 build/cooja/contiki-ng-cooja.a(process.o)
 .data          0x000000000003e198        0x0 build/cooja/contiki-ng-cooja.a(rtimer.o)
 .data          0x000000000003e198        0x0 build/cooja/contiki-ng-cooja.a(timer.o)
 .data          0x000000000003e198        0x0 build/cooja/contiki-ng-cooja.a(list.o)
 .data          0x000000000003e198        0x0 build/cooja/contiki-ng-cooja.a(memb.o)
 .data          0x000000000003e198        0x0 build/cooja/contiki-ng-cooja.a(button-hal.o)
 *fill*         0x000000000003e198        0x8 
 .data.rel.local
                0x000000000003e1a0       0x20 build/cooja/contiki-ng-cooja.a(button-hal.o)
                0x000000000003e1a0                button_hal_process
 .data          0x000000000003e1c0        0x0 build/cooja/contiki-ng-cooja.a(gpio-hal.o)
 .data.rel.local
                0x000000000003e1c0        0x8 build/cooja/contiki-ng-cooja.a(gpio-hal.o)
 .data          0x000000000003e1c8        0x0 build/cooja/contiki-ng-cooja.a(serial-line.o)
 *fill*         0x000000000003e1c8       0x18 
 .data.rel.local
                0x000000000003e1e0       0x20 build/cooja/contiki-ng-cooja.a(serial-line.o)
                0x000000000003e1e0                serial_line_process
 .data          0x000000000003e200        0x0 build/cooja/contiki-ng-cooja.a(linkaddr.o)
 .data          0x000000000003e200        0x0 build/cooja/contiki-ng-cooja.a(netstack.o)
 .data.rel.local
                0x000000000003e200        0x8 build/cooja/contiki-ng-cooja.a(netstack.o)
 .data          0x000000000003e208        0x0 build/cooja/contiki-ng-cooja.a(packetbuf.o)
 .data.rel.local
                0x000000000003e208        0x8 build/cooja/contiki-ng-cooja.a(packetbuf.o)
 .data          0x000000000003e210        0x0 build/cooja/contiki-ng-cooja.a(queuebuf.o)
 .data.rel.local
                0x000000000003e210       0x38 build/cooja/contiki-ng-cooja.a(queuebuf.o)
 .data          0x000000000003e248        0x0 build/cooja/contiki-ng-cooja.a(printf.o)
 *fill*         0x000000000003e248        0x8 
 .data.rel.local
                0x000000000003e250       0x10 build/cooja/contiki-ng-cooja.a(printf.o)
 .data          0x000000000003e260        0x0 build/cooja/contiki-ng-cooja.a(putchar.o)
 .data          0x000000000003e260        0x0 build/cooja/contiki-ng-cooja.a(puts.o)
 .data          0x000000000003e260        0x0 build/cooja/contiki-ng-cooja.a(snprintf.o)
 .data          0x000000000003e260        0x0 build/cooja/contiki-ng-cooja.a(strformat.o)
 .data          0x000000000003e260        0x0 build/cooja/contiki-ng-cooja.a(csma.o)
 .data          0x000000000003e260        0x0 build/cooja/contiki-ng-cooja.a(sicslowpan.o)
 .data          0x000000000003e260        0x0 build/cooja/contiki-ng-cooja.a(tcpip.o)
 .data.rel.local
                0x000000000003e260       0x20 build/cooja/contiki-ng-cooja.a(tcpip.o)
                0x000000000003e260                tcpip_process
 .data          0x000000000003e280        0x0 build/cooja/contiki-ng-cooja.a(uip-ds6-nbr.o)
 .data.rel.local
                0x000000000003e280       0x20 build/cooja/contiki-ng-cooja.a(uip-ds6-nbr.o)
 .data          0x000000000003e2a0        0x0 build/cooja/contiki-ng-cooja.a(uip-ds6-route.o)
 .data.rel.local
                0x000000000003e2a0       0x28 build/cooja/contiki-ng-cooja.a(uip-ds6-route.o)
 .data          0x000000000003e2c8        0x0 build/cooja/contiki-ng-cooja.a(uip-ds6.o)
 .data          0x000000000003e2c8        0x0 build/cooja/contiki-ng-cooja.a(uip-packetqueue.o)
 *fill*         0x000000000003e2c8        0x8 
 .data.rel.local
                0x000000000003e2d0       0x18 build/cooja/contiki-ng-cooja.a(uip-packetqueue.o)
 .data          0x000000000003e2e8        0x0 build/cooja/contiki-ng-cooja.a(uip-udp-packet.o)
 .data          0x000000000003e2e8        0x0 build/cooja/contiki-ng-cooja.a(uip6.o)
 .data          0x000000000003e2e8        0x0 build/cooja/contiki-ng-cooja.a(uipbuf.o)
 .data          0x000000000003e2e8        0x0 build/cooja/contiki-ng-cooja.a(uiplib.o)
 .data          0x000000000003e2e8        0x0 build/cooja/contiki-ng-cooja.a(rpl.o)
 .data          0x000000000003e2e8        0x0 build/cooja/contiki-ng-cooja.a(watchdog.o)
 .data          0x000000000003e2e8        0x0 build/cooja/contiki-ng-cooja.a(int-master.o)
 .data          0x000000000003e2e8        0x0 build/cooja/contiki-ng-cooja.a(coap-timer-default.o)
 *fill*         0x000000000003e2e8       0x18 
 .data.rel.local
                0x000000000003e300       0x20 build/cooja/contiki-ng-cooja.a(coap-timer-default.o)
                0x000000000003e300                coap_timer_process
 .data          0x000000000003e320        0x0 build/cooja/contiki-ng-cooja.a(stimer.o)
 .data          0x000000000003e320        0x0 build/cooja/contiki-ng-cooja.a(ringbuf.o)
 .data          0x000000000003e320        0x0 build/cooja/contiki-ng-cooja.a(link-stats.o)
 .data.rel.local
                0x000000000003e320       0x20 build/cooja/contiki-ng-cooja.a(link-stats.o)
 .data          0x000000000003e340        0x0 build/cooja/contiki-ng-cooja.a(nbr-table.o)
 .data.rel.local
                0x000000000003e340       0x20 build/cooja/contiki-ng-cooja.a(nbr-table.o)
 .data          0x000000000003e360        0x0 build/cooja/contiki-ng-cooja.a(mac-sequence.o)
 .data          0x000000000003e360        0x0 build/cooja/contiki-ng-cooja.a(framer-802154.o)
 .data          0x000000000003e360        0x0 build/cooja/contiki-ng-cooja.a(csma-output.o)
 .data.rel.local
                0x000000000003e360       0x60 build/cooja/contiki-ng-cooja.a(csma-output.o)
 .data          0x000000000003e3c0        0x0 build/cooja/contiki-ng-cooja.a(csma-security.o)
 .data          0x000000000003e3c0        0x0 build/cooja/contiki-ng-cooja.a(uip-icmp6.o)
 .data.rel.local
                0x000000000003e3c0       0x48 build/cooja/contiki-ng-cooja.a(uip-icmp6.o)
 .data          0x000000000003e408        0x0 build/cooja/contiki-ng-cooja.a(uip-nd6.o)
 *fill*         0x000000000003e408        0x8 
 .data.rel.local
                0x000000000003e410       0x18 build/cooja/contiki-ng-cooja.a(uip-nd6.o)
 .data          0x000000000003e428        0x0 build/cooja/contiki-ng-cooja.a(uip-sr.o)