Archive member included to satisfy reference by file (symbol)

build/cooja/contiki-ng-cooja.a(simEnvChange.o)
                              build/cooja/mtype14713726.o (simDontFallAsleep)
build/cooja/contiki-ng-cooja.a(cooja_mt.o)
                              build/cooja/mtype14713726.o (cooja_mt_start)
build/cooja/contiki-ng-cooja.a(cooja_mtarch.o)
                              build/cooja/contiki-ng-cooja.a(cooja_mt.o) (cooja_mtarch_start)
build/cooja/contiki-ng-cooja.a(rtimer-arch.o)
                              build/cooja/mtype14713726.o (rtimer_arch_check)
build/cooja/contiki-ng-cooja.a(beep.o)
                              build/cooja/mtype14713726.o (beep_interface)
build/cooja/contiki-ng-cooja.a(leds-arch.o)
                              build/cooja/mtype14713726.o (leds_interface)
build/cooja/contiki-ng-cooja.a(moteid.o)
                              build/cooja/mtype14713726.o (moteid_interface)
build/cooja/contiki-ng-cooja.a(pir-sensor.o)
                              build/cooja/mtype14713726.o (pir_interface)
build/cooja/contiki-ng-cooja.a(rs232.o)
                              build/cooja/mtype14713726.o (rs232_interface)
build/cooja/contiki-ng-cooja.a(vib-sensor.o)
                              build/cooja/mtype14713726.o (vib_interface)
build/cooja/contiki-ng-cooja.a(clock.o)
                              build/cooja/mtype14713726.o (clock_interface)
build/cooja/contiki-ng-cooja.a(cooja-log.o)
                              build/cooja/mtype14713726.o (simlog_interface)
build/cooja/contiki-ng-cooja.a(cfs-cooja.o)
                              build/cooja/mtype14713726.o (cfs_interface)
build/cooja/contiki-ng-cooja.a(cooja-radio.o)
                              build/cooja/mtype14713726.o (radio_interface)
build/cooja/contiki-ng-cooja.a(eeprom.o)
                              build/cooja/mtype14713726.o (eeprom_interface)
build/cooja/contiki-ng-cooja.a(random.o)
                              build/cooja/contiki-ng-cooja.a(moteid.o) (random_init)
build/cooja/contiki-ng-cooja.a(sensors.o)
                              build/cooja/contiki-ng-cooja.a(pir-sensor.o) (sensors_changed)
build/cooja/contiki-ng-cooja.a(leds.o)
                              build/cooja/contiki-ng-cooja.a(leds-arch.o) (leds_get)
build/cooja/contiki-ng-cooja.a(gpio-hal-arch.o)
                              build/cooja/contiki-ng-cooja.a(leds-arch.o) (gpio_hal_arch_register_pin_callback)
build/cooja/contiki-ng-cooja.a(buttons.o)
                              build/cooja/mtype14713726.o (button_interface)
build/cooja/contiki-ng-cooja.a(mqtt.o)
                              occupancy.o (mqtt_register)
build/cooja/contiki-ng-cooja.a(contiki-main.o)
                              build/cooja/mtype14713726.o (main)
build/cooja/contiki-ng-cooja.a(autostart.o)
                              build/cooja/contiki-ng-cooja.a(contiki-main.o) (autostart_start)
build/cooja/contiki-ng-cooja.a(ctimer.o)
                              build/cooja/contiki-ng-cooja.a(contiki-main.o) (ctimer_init)
build/cooja/contiki-ng-cooja.a(energest.o)
                              build/cooja/contiki-ng-cooja.a(contiki-main.o) (energest_init)
build/cooja/contiki-ng-cooja.a(etimer.o)
                              build/cooja/contiki-ng-cooja.a(contiki-main.o) (etimer_process)
build/cooja/contiki-ng-cooja.a(log.o)
                              build/cooja/contiki-ng-cooja.a(contiki-main.o) (curr_log_level_main)
build/cooja/contiki-ng-cooja.a(node-id.o)
                              occupancy.o (node_id)
build/cooja/contiki-ng-cooja.a(process.o)
                              build/cooja/contiki-ng-cooja.a(mqtt.o) (process_current)
build/cooja/contiki-ng-cooja.a(rtimer.o)
                              build/cooja/contiki-ng-cooja.a(contiki-main.o) (rtimer_init)
build/cooja/contiki-ng-cooja.a(timer.o)
                              build/cooja/contiki-ng-cooja.a(mqtt.o) (timer_set)
build/cooja/contiki-ng-cooja.a(list.o)
                              build/cooja/contiki-ng-cooja.a(mqtt.o) (list_init)
build/cooja/contiki-ng-cooja.a(button-hal.o)
                              occupancy.o (button_hal_release_event)
build/cooja/contiki-ng-cooja.a(gpio-hal.o)
                              build/cooja/contiki-ng-cooja.a(button-hal.o) (gpio_hal_register_handler)
build/cooja/contiki-ng-cooja.a(serial-line.o)
                              build/cooja/contiki-ng-cooja.a(rs232.o) (serial_line_input_byte)
build/cooja/contiki-ng-cooja.a(linkaddr.o)
                              occupancy.o (linkaddr_node_addr)
build/cooja/contiki-ng-cooja.a(netstack.o)
                              build/cooja/contiki-ng-cooja.a(contiki-main.o) (netstack_init)
build/cooja/contiki-ng-cooja.a(packetbuf.o)
                              build/cooja/contiki-ng-cooja.a(cooja-radio.o) (packetbuf_clear)
build/cooja/contiki-ng-cooja.a(queuebuf.o)
                              build/cooja/contiki-ng-cooja.a(contiki-main.o) (queuebuf_init)
build/cooja/contiki-ng-cooja.a(printf.o)
[...]
Memory Configuration

Name             Origin             Length             Attributes
*default*        0x0000000000000000 0xffffffffffffffff

Linker script and memory map

LOAD /usr/lib/gcc/x86_64-linux-gnu/11/../../../x86_64-linux-gnu/crti.o
LOAD /usr/lib/gcc/x86_64-linux-gnu/11/crtbeginS.o
LOAD occupancy.o
LOAD build/cooja/mtype14713726.o
LOAD build/cooja/contiki-ng-cooja.a
LOAD /usr/lib/gcc/x86_64-linux-gnu/11/libgcc.a
LOAD /usr/lib/gcc/x86_64-linux-gnu/11/libgcc_s.so
START GROUP
LOAD /usr/lib/gcc/x86_64-linux-gnu/11/../../../x86_64-linux-gnu/libgcc_s.so.1
LOAD /usr/lib/gcc/x86_64-linux-gnu/11/libgcc.a
END GROUP
LOAD /usr/lib/gcc/x86_64-linux-gnu/11/../../../x86_64-linux-gnu/libc.so
START GROUP
LOAD /lib/x86_64-linux-gnu/libc.so.6
LOAD /usr/lib/x86_64-linux-gnu/libc_nonshared.a
LOAD /lib64/ld-linux-x86-64.so.2
END GROUP
LOAD /usr/lib/gcc/x86_64-linux-gnu/11/libgcc.a
LOAD /usr/lib/gcc/x86_64-linux-gnu/11/libgcc_s.so
START GROUP
LOAD /usr/lib/gcc/x86_64-linux-gnu/11/../../../x86_64-linux-gnu/libgcc_s.so.1
LOAD /usr/lib/gcc/x86_64-linux-gnu/11/libgcc.a
END GROUP
LOAD /usr/lib/gcc/x86_64-linux-gnu/11/crtendS.o
LOAD /usr/lib/gcc/x86_64-linux-gnu/11/../../../x86_64-linux-gnu/crtn.o
                0x00000000000002a8                . = (SEGMENT_START ("text-segment", 0x0) + SIZEOF_HEADERS)

.note.gnu.property
                0x00000000000002a8       0x20
 .note.gnu.property
                0x00000000000002a8       0x20 /usr/lib/gcc/x86_64-linux-gnu/11/../../../x86_64-linux-gnu/crti.o

.note.gnu.build-id
                0x00000000000002c8       0x24
 *(.note.gnu.build-id)
 .note.gnu.build-id
                0x00000000000002c8       0x24 /usr/lib/gcc/x86_64-linux-gnu/11/../../../x86_64-linux-gnu/crti.o

.hash
 *(.hash)

.gnu.hash       0x00000000000002f0     0x14c0
 *(.gnu.hash)
 .gnu.hash      0x00000000000002f0     0x14c0 /usr/lib/gcc/x86_64-linux-gnu/11/../../../x86_64-linux-gnu/crti.o

.dynsym         0x00000000000017b0     0x40b0
 *(.dynsym)
 .dynsym        0x00000000000017b0     0x40b0 /usr/lib/gcc/x86_64-linux-gnu/11/../../../x86_64-linux-gnu/crti.o

.dynstr         0x0000000000005860     0x30d6
 *(.dynstr)
 .dynstr        0x0000000000005860     0x30d6 /usr/lib/gcc/x86_64-linux-gnu/11/../../../x86_64-linux-gnu/crti.o

.gnu.version    0x0000000000008936      0x564
 *(.gnu.version)
 .gnu.version   0x0000000000008936      0x564 /usr/lib/gcc/x86_64-linux-gnu/11/../../../x86_64-linux-gnu/crti.o

.gnu.version_d  0x0000000000008ea0        0x0
 *(.gnu.version_d)
 .gnu.version_d
                0x0000000000008ea0        0x0 /usr/lib/gcc/x86_64-linux-gnu/11/../../../x86_64-linux-gnu/crti.o

.gnu.version_r  0x0000000000008ea0       0x40
 *(.gnu.version_r)
 .gnu.version_r
                0x0000000000008ea0       0x40 /usr/lib/gcc/x86_64-linux-gnu/11/../../../x86_64-linux-gnu/crti.o

.rela.dyn       0x0000000000008ee0     0x1f08
 *(.rela.init)
 *(.rela.text .rela.text.* .rela.gnu.linkonce.t.*)
 .rela.text     0x0000000000008ee0        0x0 /usr/lib/gcc/x86_64-linux-gnu/11/../../../x86_64-linux-gnu/crti.o
 *(.rela.fini)
 *(.rela.rodata .rela.rodata.* .rela.gnu.linkonce.r.*)
 *(.rela.data .rela.data.* .rela.gnu.linkonce.d.*)
 .rela.data.rel.local
                0x0000000000008ee0      0x720 /usr/lib/gcc/x86_64-linux-gnu/11/../../../x86_64-linux-gnu/crti.o
 .rela.data.rel.ro
                0x0000000000009600      0x288 /usr/lib/gcc/x86_64-linux-gnu/11/../../../x86_64-linux-gnu/crti.o
 .rela.data.rel
                0x0000000000009888      0x3a8 /usr/lib/gcc/x86_64-linux-gnu/11/../../../x86_64-linux-gnu/crti.o
 .rela.data.rel.ro.local
                0x0000000000009c30      0x5a0 /usr/lib/gcc/x86_64-linux-gnu/11/../../../x86_64-linux-gnu/crti.o
 *(.rela.tdata .rela.tdata.* .rela.gnu.linkonce.td.*)
 *(.rela.tbss .rela.tbss.* .rela.gnu.linkonce.tb.*)
 *(.rela.ctors)
 *(.rela.dtors)
 *(.rela.got)
 .rela.got      0x000000000000a1d0      0xbe8 /usr/lib/gcc/x86_64-linux-gnu/11/../../../x86_64-linux-gnu/crti.o
 *(.rela.bss .rela.bss.* .rela.gnu.linkonce.b.*)
 *(.rela.ldata .rela.ldata.* .rela.gnu.linkonce.l.*)
 *(.rela.lbss .rela.lbss.* .rela.gnu.linkonce.lb.*)
 *(.rela.lrodata .rela.lrodata.* .rela.gnu.linkonce.lr.*)
 *(.rela.ifunc)
 .rela.ifunc    0x000000000000adb8        0x0 /usr/lib/gcc/x86_64-linux-gnu/11/../../../x86_64-linux-gnu/crti.o
 .rela.fini_array
                0x000000000000adb8       0x18 /usr/lib/gcc/x86_64-linux-gnu/11/../../../x86_64-linux-gnu/crti.o
 .rela.init_array
                0x000000000000add0       0x18 /usr/lib/gcc/x86_64-linux-gnu/11/../../../x86_64-linux-gnu/crti.o

.rela.plt       0x000000000000ade8     0x22e0
 *(.rela.plt)
 .rela.plt      0x000000000000ade8     0x22e0 /usr/lib/gcc/x86_64-linux-gnu/11/../../../x86_64-linux-gnu/crti.o
 *(.rela.iplt)

.relr.dyn
 *(.relr.dyn)
                0x000000000000e000                . = ALIGN (CONSTANT (MAXPAGESIZE))

.init           0x000000000000e000       0x1b
 *(SORT_NONE(.init))
 .init          0x000000000000e000       0x16 /usr/lib/gcc/x86_64-linux-gnu/11/../../../x86_64-linux-gnu/crti.o
                0x000000000000e000                _init
 .init          0x000000000000e016        0x5 /usr/lib/gcc/x86_64-linux-gnu/11/../../../x86_64-linux-gnu/crtn.o

.plt            0x000000000000e020     0x1750
 *(.plt)
 .plt           0x000000000000e020     0x1750 /usr/lib/gcc/x86_64-linux-gnu/11/../../../x86_64-linux-gnu/crti.o
 *(.iplt)

.plt.got        0x000000000000f770       0x30
 *(.plt.got)
 .plt.got       0x000000000000f770       0x30 /usr/lib/gcc/x86_64-linux-gnu/11/../../../x86_64-linux-gnu/crti.o

.plt.sec        0x000000000000f7a0     0x1740
 *(.plt.sec)
 .plt.sec       0x000000000000f7a0     0x1740 /usr/lib/gcc/x86_64-linux-gnu/11/../../../x86_64-linux-gnu/crti.o

.text           0x0000000000010ee0    0x21663
 *(.text.unlikely .text.*_unlikely .text.unlikely.*)
 *(.text.exit .text.exit.*)
 *(.text.startup .text.startup.*)
 *(.text.hot .text.hot.*)
 *(SORT_BY_NAME(.text.sorted.*))
 *(.text .stub .text.* .gnu.linkonce.t.*)
 .text          0x0000000000010ee0        0x0 /usr/lib/gcc/x86_64-linux-gnu/11/../../../x86_64-linux-gnu/crti.o
 .text          0x0000000000010ee0       0xb9 /usr/lib/gcc/x86_64-linux-gnu/11/crtbeginS.o
 .text          0x0000000000010f99      0x7e0 occupancy.o
 .text          0x0000000000011779      0x374 build/cooja/mtype14713726.o
                0x000000000001182f                platform_init_stage_one
                0x0000000000011844                platform_init_stage_two
                0x0000000000011859                platform_init_stage_three
                0x000000000001186e                platform_main_loop
                0x0000000000011908                JNI_OnLoad
                0x000000000001191f                Java_org_contikios_cooja_corecomm_Lib8_init
                0x0000000000011972                Java_org_contikios_cooja_corecomm_Lib8_getMemory
                0x00000000000119d1                Java_org_contikios_cooja_corecomm_Lib8_setMemory
                0x0000000000011a30                Java_org_contikios_cooja_corecomm_Lib8_tick
                0x0000000000011abe                Java_org_contikios_cooja_corecomm_Lib8_setReferenceAddress
 .text          0x0000000000011aed       0x93 build/cooja/contiki-ng-cooja.a(simEnvChange.o)
                0x0000000000011aed                doActionsBeforeTick
                0x0000000000011b36                doActionsAfterTick
 .text          0x0000000000011b80       0xab build/cooja/contiki-ng-cooja.a(cooja_mt.o)
                0x0000000000011b80                cooja_mt_start
                0x0000000000011bc0                cooja_mt_exec
                0x0000000000011c03                cooja_mt_yield
 .text          0x0000000000011c2b      0x10e build/cooja/contiki-ng-cooja.a(cooja_mtarch.o)
                0x0000000000011c2b                cooja_mtarch_start
                0x0000000000011cce                cooja_sw
                0x0000000000011cfb                cooja_mtarch_exec
                0x0000000000011d29                cooja_mtarch_yield
 .text          0x0000000000011d39       0xcc build/cooja/contiki-ng-cooja.a(rtimer-arch.o)
                0x0000000000011d39                rtimer_arch_init
                0x0000000000011d5f                rtimer_arch_schedule
                0x0000000000011d89                rtimer_arch_next
                0x0000000000011d9d                rtimer_arch_pending
                0x0000000000011db0                rtimer_arch_check
                0x0000000000011df1                rtimer_arch_now
 .text          0x0000000000011e05       0xe6 build/cooja/contiki-ng-cooja.a(beep.o)
                0x0000000000011e05                beep_alarm
                0x0000000000011e20                beep_beep
                0x0000000000011e38                beep
                0x0000000000011e4d                beep_down
                0x0000000000011e65                beep_on
                0x0000000000011e7a                beep_off
                0x0000000000011e8f                beep_spinup
                0x0000000000011ea4                beep_quick
                0x0000000000011ebc                beep_long
 .text          0x0000000000011eeb       0x80 build/cooja/contiki-ng-cooja.a(leds-arch.o)
                0x0000000000011f04                leds_arch_init
 .text          0x0000000000011f6b       0x41 build/cooja/contiki-ng-cooja.a(moteid.o)
 .text          0x0000000000011fac       0xfa build/cooja/contiki-ng-cooja.a(pir-sensor.o)
 .text          0x00000000000120a6      0x18b build/cooja/contiki-ng-cooja.a(rs232.o)
                0x00000000000120a6                rs232_init
                0x00000000000120b1                rs232_set_speed
                0x00000000000120c1                rs232_set_input
                0x00000000000120db                rs232_send
                0x00000000000120fa                rs232_print
                0x0000000000012128                slip_arch_writeb
 .text          0x0000000000012231       0xfa build/cooja/contiki-ng-cooja.a(vib-sensor.o)
 .text          0x000000000001232b       0x6f build/cooja/contiki-ng-cooja.a(clock.o)
                0x000000000001232b                clock_init
                0x0000000000012336                clock_time
                0x000000000001234a                clock_seconds
                0x0000000000012376                clock_delay
 .text          0x000000000001239a      0x214 build/cooja/contiki-ng-cooja.a(cooja-log.o)
                0x000000000001239a                simlog_char
                0x00000000000123f4                simlog
                0x0000000000012479                log_message
                0x00000000000124be                log_set_putchar_with_slip
                0x00000000000124d5                dbg_putchar
                0x0000000000012556                dbg_send_bytes
 .text          0x00000000000125ae      0x39b build/cooja/contiki-ng-cooja.a(cfs-cooja.o)
                0x00000000000125ae                cfs_open
                0x000000000001262b                cfs_close
                0x0000000000012640                cfs_read
                0x0000000000012707                cfs_write
                0x0000000000012817                cfs_seek
                0x00000000000128c6                cfs_remove
                0x00000000000128f6                cfs_opendir
                0x000000000001290d                cfs_readdir
                0x0000000000012924                cfs_closedir
 .text          0x0000000000012949      0x79f build/cooja/contiki-ng-cooja.a(cooja-radio.o)
                0x00000000000129a8                radio_set_channel
                0x00000000000129c2                radio_set_txpower
                0x00000000000129df                radio_signal_strength_last
                0x00000000000129f2                radio_signal_strength_current
                0x0000000000012a05                radio_LQI
 .text          0x00000000000130e8      0x163 build/cooja/contiki-ng-cooja.a(eeprom.o)
                0x00000000000130e8                eeprom_init
                0x00000000000130f7                eeprom_read
                0x0000000000013196                eeprom_write
 .text          0x000000000001324b       0x2f build/cooja/contiki-ng-cooja.a(random.o)
                0x000000000001324b                random_init
                0x000000000001326b                random_rand
 .text          0x000000000001327a      0x35f build/cooja/contiki-ng-cooja.a(sensors.o)
                0x00000000000132c3                sensors_first
                0x00000000000132d7                sensors_next
                0x0000000000013306                sensors_changed
                0x0000000000013353                sensors_find
 .text          0x00000000000135d9      0x3ad build/cooja/contiki-ng-cooja.a(leds.o)
                0x00000000000135d9                leds_init
                0x0000000000013624                leds_single_on
                0x0000000000013691                leds_single_off
                0x00000000000136fe                leds_single_toggle
                0x0000000000013736                leds_on
                0x00000000000137c7                leds_off
                0x0000000000013858                leds_toggle
                0x00000000000138b4                leds_set
                0x00000000000138dd                leds_get
 .text          0x0000000000013986      0x41b build/cooja/contiki-ng-cooja.a(gpio-hal-arch.o)
                0x0000000000013986                gpio_hal_arch_register_pin_callback
                0x0000000000013a2d                gpio_hal_arch_init
                0x0000000000013a83                gpio_hal_arch_no_port_interrupt_enable
                0x0000000000013ad0                gpio_hal_arch_no_port_interrupt_disable
                0x0000000000013b1d                gpio_hal_arch_no_port_pin_cfg_set
                0x0000000000013b53                gpio_hal_arch_no_port_pin_cfg_get
                0x0000000000013b87                gpio_hal_arch_no_port_pin_set_input
                0x0000000000013b9a                gpio_hal_arch_no_port_pin_set_output
                0x0000000000013bad                gpio_hal_arch_no_port_set_pin
                0x0000000000013bd1                gpio_hal_arch_no_port_clear_pin
                0x0000000000013bf5                gpio_hal_arch_no_port_read_pin
                0x0000000000013c22                gpio_hal_arch_no_port_write_pin
                0x0000000000013c4c                gpio_hal_arch_no_port_set_pins
                0x0000000000013c9b                gpio_hal_arch_no_port_clear_pins
                0x0000000000013cea                gpio_hal_arch_no_port_read_pins
                0x0000000000013d38                gpio_hal_arch_no_port_write_pins
 .text          0x0000000000013da1       0xa8 build/cooja/contiki-ng-cooja.a(buttons.o)
 .text          0x0000000000013e49     0x3e29 build/cooja/contiki-ng-cooja.a(mqtt.o)
                0x00000000000142ea                mqtt_decode_var_byte_int
                0x00000000000143ef                mqtt_encode_var_byte_int
                0x00000000000174da                mqtt_init
                0x00000000000175b4                mqtt_register
                0x000000000001767c                mqtt_connect
                0x00000000000177bc                mqtt_disconnect
                0x000000000001780d                mqtt_subscribe
                0x0000000000017916                mqtt_unsubscribe
                0x0000000000017a0f                mqtt_publish
                0x0000000000017b4a                mqtt_set_username_password
                0x0000000000017bfb                mqtt_set_last_will
 .text          0x0000000000017c72      0x400 build/cooja/contiki-ng-cooja.a(contiki-main.o)
                0x0000000000017c72                main
 .text          0x0000000000018072       0xbd build/cooja/contiki-ng-cooja.a(autostart.o)
                0x0000000000018072                autostart_start
                0x00000000000180d3                autostart_exit
 .text          0x000000000001812f      0x441 build/cooja/contiki-ng-cooja.a(ctimer.o)
                0x0000000000018291                ctimer_init
                0x00000000000182c6                ctimer_set
                0x000000000001830a                ctimer_set_with_process
                0x00000000000183c4                ctimer_reset
                0x0000000000018435                ctimer_restart
                0x00000000000184a6                ctimer_stop
                0x0000000000018504                ctimer_expired
 .text          0x0000000000018570       0x25 build/cooja/contiki-ng-cooja.a(energest.o)
                0x0000000000018570                energest_init
                0x000000000001857b                energest_flush
                0x0000000000018586                energest_get_total_time
 .text          0x0000000000018595      0x57c build/cooja/contiki-ng-cooja.a(etimer.o)
                0x000000000001883d                etimer_request_poll
                0x00000000000188ef                etimer_set
                0x0000000000018925                etimer_reset_with_new_interval
                0x0000000000018960                etimer_reset
                0x000000000001898b                etimer_restart
                0x00000000000189b6                etimer_adjust
                0x00000000000189e7                etimer_expired
                0x0000000000018a06                etimer_expiration_time
                0x0000000000018a26                etimer_start_time
                0x0000000000018a3b                etimer_pending
                0x0000000000018a55                etimer_next_expiration_time
                0x0000000000018a76                etimer_stop
 .text          0x0000000000018b11      0x539 build/cooja/contiki-ng-cooja.a(log.o)
                0x0000000000018b11                log_6addr
                0x0000000000018b77                log_6addr_compact_snprint
                0x0000000000018c52                log_6addr_compact
                0x0000000000018cb8                log_lladdr
                0x0000000000018d38                log_lladdr_compact
                0x0000000000018dba                log_bytes
                0x0000000000018e1a                log_set_level
                0x0000000000018f28                log_get_level
                0x0000000000018fdf                log_level_to_str
 .text          0x000000000001904a       0x36 build/cooja/contiki-ng-cooja.a(node-id.o)
                0x000000000001904a                node_id_init
 .text          0x0000000000019080      0x673 build/cooja/contiki-ng-cooja.a(process.o)
                0x0000000000019080                process_alloc_event
                0x000000000001909a                process_start
                0x000000000001930a                process_exit
                0x0000000000019336                process_init
                0x000000000001952d                process_run
                0x0000000000019562                process_nevents
                0x0000000000019582                process_post
                0x000000000001964a                process_post_synch
                0x0000000000019698                process_poll
                0x00000000000196d5                process_is_running
 .text          0x00000000000196f3      0x101 build/cooja/contiki-ng-cooja.a(rtimer.o)
                0x00000000000196f3                rtimer_init
                0x0000000000019703                rtimer_set
                0x0000000000019784                rtimer_run_next
 .text          0x00000000000197f4       0xfd build/cooja/contiki-ng-cooja.a(timer.o)
                0x00000000000197f4                timer_set
                0x0000000000019823                timer_reset
                0x000000000001985f                timer_restart
                0x000000000001987e                timer_expired
                0x00000000000198b9                timer_remaining
 .text          0x00000000000198f1      0x39b build/cooja/contiki-ng-cooja.a(list.o)
                0x00000000000198f1                list_init
                0x000000000001990b                list_head
                0x0000000000019920                list_copy
                0x0000000000019941                list_tail
                0x000000000001998a                list_add
                0x00000000000199ee                list_push
                0x0000000000019a31                list_chop
                0x0000000000019abe                list_pop
                0x0000000000019af8                list_remove
                0x0000000000019b84                list_length
                0x0000000000019bbf                list_insert
                0x0000000000019c22                list_item_next
                0x0000000000019c45                list_contains
 .text          0x0000000000019c8c      0x574 build/cooja/contiki-ng-cooja.a(button-hal.o)
                0x0000000000019e57                button_hal_get_by_id
                0x0000000000019ea5                button_hal_get_by_index
                0x0000000000019edc                button_hal_get_state
                0x0000000000019f3f                button_hal_init
 .text          0x000000000001a200      0x181 build/cooja/contiki-ng-cooja.a(gpio-hal.o)
                0x000000000001a200                gpio_hal_register_handler
                0x000000000001a229                gpio_hal_event_handler
                0x000000000001a294                gpio_hal_init
                0x000000000001a2b3                gpio_hal_arch_port_toggle_pin
                0x000000000001a2ea                gpio_hal_arch_port_toggle_pins
                0x000000000001a31b                gpio_hal_arch_no_port_toggle_pin
                0x000000000001a355                gpio_hal_arch_no_port_toggle_pins
 .text          0x000000000001a381      0x238 build/cooja/contiki-ng-cooja.a(serial-line.o)
                0x000000000001a381                serial_line_input_byte
                0x000000000001a57c                serial_line_init
 .text          0x000000000001a5b9       0x80 build/cooja/contiki-ng-cooja.a(linkaddr.o)
                0x000000000001a5b9                linkaddr_copy
                0x000000000001a5da                linkaddr_cmp
                0x000000000001a610                linkaddr_set_node_addr
 .text          0x000000000001a639      0x12b build/cooja/contiki-ng-cooja.a(netstack.o)
                0x000000000001a639                netstack_process_ip_callback
                0x000000000001a6da                netstack_ip_packet_processor_add
                0x000000000001a70a                uip_ds6_ip_packet_processor_rm
                0x000000000001a733                netstack_init
 .text          0x000000000001a764      0x4a8 build/cooja/contiki-ng-cooja.a(packetbuf.o)
                0x000000000001a764                packetbuf_clear
                0x000000000001a792                packetbuf_copyfrom
                0x000000000001a7eb                packetbuf_copyto
                0x000000000001a891                packetbuf_hdralloc
                0x000000000001a920                packetbuf_hdrreduce
                0x000000000001a970                packetbuf_set_datalen
                0x000000000001a98c                packetbuf_dataptr
                0x000000000001a9b1                packetbuf_hdrptr
                0x000000000001a9c2                packetbuf_datalen
                0x000000000001a9d3                packetbuf_hdrlen
                0x000000000001a9ef                packetbuf_totlen
                0x000000000001aa11                packetbuf_remaininglen
                0x000000000001aa29                packetbuf_attr_clear
                0x000000000001aa8e                packetbuf_attr_copyto
                0x000000000001aad9                packetbuf_attr_copyfrom
                0x000000000001ab24                packetbuf_set_attr
                0x000000000001ab54                packetbuf_attr
                0x000000000001ab75                packetbuf_set_addr
                0x000000000001abbb                packetbuf_addr
                0x000000000001abe5                packetbuf_holds_broadcast
 .text          0x000000000001ac0c      0x382 build/cooja/contiki-ng-cooja.a(queuebuf.o)
                0x000000000001ac21                queuebuf_init
                0x000000000001ac4a                queuebuf_numfree
                0x000000000001ac63                queuebuf_new_from_packetbuf
                0x000000000001ad16                queuebuf_update_attr_from_packetbuf
                0x000000000001ad59                queuebuf_update_from_packetbuf
                0x000000000001adb5                queuebuf_free
                0x000000000001ae11                queuebuf_to_packetbuf
                0x000000000001ae8a                queuebuf_dataptr
                0x000000000001aed1                queuebuf_datalen
                0x000000000001af01                queuebuf_addr
                0x000000000001af48                queuebuf_attr
                0x000000000001af83                queuebuf_debug_print
 .text          0x000000000001af8e      0x116 build/cooja/contiki-ng-cooja.a(printf.o)
                0x000000000001afc3                log_printf
 .text          0x000000000001b0a4       0x1e build/cooja/contiki-ng-cooja.a(putchar.o)
                0x000000000001b0a4                log_putchar
 .text          0x000000000001b0c2       0x3d build/cooja/contiki-ng-cooja.a(puts.o)
                0x000000000001b0c2                log_puts
 .text          0x000000000001b0ff      0x1f8 build/cooja/contiki-ng-cooja.a(snprintf.o)
                0x000000000001b18a                log_snprintf
                0x000000000001b26f                log_vsnprintf
 .text          0x000000000001b2f7      0x152 build/cooja/contiki-ng-cooja.a(sprintf.o)
                0x000000000001b342                log_sprintf
 .text          0x000000000001b449     0x170b build/cooja/contiki-ng-cooja.a(strformat.o)
                0x000000000001b7bc                format_str
                0x000000000001b89d                format_str_v
 .text          0x000000000001cb54      0x292 build/cooja/contiki-ng-cooja.a(csma.o)
 .text          0x000000000001cde6     0x3747 build/cooja/contiki-ng-cooja.a(sicslowpan.o)
                0x000000000001d5bc                netstack_sniffer_add
                0x000000000001d5d6                netstack_sniffer_remove
                0x00000000000204f6                sicslowpan_init
                0x000000000002051d                sicslowpan_get_last_rssi
 .text          0x000000000002052d      0xbaa build/cooja/contiki-ng-cooja.a(tcp-socket.o)
                0x0000000000020c66                tcp_socket_register
                0x0000000000020d2e                tcp_socket_connect
                0x0000000000020deb                tcp_socket_listen
                0x0000000000020e78                tcp_socket_unlisten
                0x0000000000020f04                tcp_socket_send
                0x0000000000020fc1                tcp_socket_send_str
                0x0000000000020ff8                tcp_socket_close
                0x000000000002102d                tcp_socket_unregister
                0x0000000000021096                tcp_socket_max_sendlen
                0x00000000000210be                tcp_socket_queuelen
 .text          0x00000000000210d7      0xc96 build/cooja/contiki-ng-cooja.a(tcpip.o)
                0x0000000000021107                tcpip_output
                0x0000000000021209                tcp_connect
                0x0000000000021270                tcp_unlisten
                0x00000000000212e0                tcp_listen
                0x000000000002134c                tcp_attach
                0x000000000002137a                udp_attach
                0x00000000000213a8                udp_new
                0x0000000000021403                udp_broadcast_new
                0x0000000000021716                tcpip_input
                0x00000000000218ee                tcpip_ipv6_output
                0x0000000000021b47                tcpip_poll_udp
                0x0000000000021b75                tcpip_poll_tcp
                0x0000000000021ba3                tcpip_uipcall
 .text          0x0000000000021d6d      0x416 build/cooja/contiki-ng-cooja.a(uip-ds6-nbr.o)
                0x0000000000021d6d                uip_ds6_neighbors_init
                0x0000000000021d96                uip_ds6_nbr_add
                0x0000000000021e34                uip_ds6_nbr_rm
                0x0000000000021e91                uip_ds6_nbr_update_ll
                0x0000000000021f96                uip_ds6_nbr_get_ipaddr
                0x0000000000021fb6                uip_ds6_nbr_get_ll
                0x0000000000021fde                uip_ds6_nbr_num
                0x0000000000022030                uip_ds6_nbr_head
                0x0000000000022049                uip_ds6_nbr_next
                0x0000000000022071                uip_ds6_nbr_lookup
                0x00000000000220da                uip_ds6_nbr_ll_lookup
                0x0000000000022102                uip_ds6_nbr_ipaddr_from_lladdr
                0x0000000000022136                uip_ds6_nbr_lladdr_from_ipaddr
                0x0000000000022172                uip_ds6_link_callback
 .text          0x0000000000022183      0x3f9 build/cooja/contiki-ng-cooja.a(uip-ds6-route.o)
                0x00000000000221da                uip_ds6_route_init
                0x0000000000022203                uip_ds6_route_count_nexthop_neighbors
                0x0000000000022212                uip_ds6_route_nexthop
                0x0000000000022225                uip_ds6_route_head
                0x0000000000022234                uip_ds6_route_next
                0x0000000000022247                uip_ds6_route_is_nexthop
                0x000000000002225a                uip_ds6_route_num_routes
                0x0000000000022269                uip_ds6_route_lookup
                0x000000000002227c                uip_ds6_route_add
                0x0000000000022298                uip_ds6_route_rm
                0x00000000000222a7                uip_ds6_route_rm_by_nexthop
                0x00000000000222b6                uip_ds6_defrt_head
                0x00000000000222cf                uip_ds6_defrt_add
                0x000000000002238f                uip_ds6_defrt_rm
                0x0000000000022405                uip_ds6_defrt_lookup
                0x000000000002247c                uip_ds6_defrt_choose
                0x00000000000224ff                uip_ds6_defrt_periodic
 .text          0x000000000002257c      0xebc build/cooja/contiki-ng-cooja.a(uip-ds6.o)
                0x000000000002257c                uip_ds6_default_prefix
                0x000000000002258d                uip_ds6_set_default_prefix
                0x00000000000225b5                uip_ds6_init
                0x0000000000022854                uip_ds6_periodic
                0x00000000000228f6                uip_ds6_list_loop
                0x00000000000229df                uip_ds6_prefix_add
                0x0000000000022ab0                uip_ds6_prefix_rm
                0x0000000000022ace                uip_ds6_prefix_lookup
                0x0000000000022b25                uip_ds6_is_addr_onlink
                0x0000000000022bb9                uip_ds6_addr_add
                0x0000000000022d04                uip_ds6_addr_rm
                0x0000000000022dbf                uip_ds6_addr_lookup
                0x0000000000022e14                uip_ds6_get_link_local
                0x0000000000022eb9                uip_ds6_get_global
                0x0000000000022f5e                uip_ds6_maddr_add
                0x0000000000022fda                uip_ds6_maddr_rm
                0x0000000000022ff8                uip_ds6_maddr_lookup
                0x0000000000023050                uip_ds6_aaddr_add
                0x00000000000230cc                uip_ds6_aaddr_rm
                0x00000000000230ea                uip_ds6_aaddr_lookup
                0x0000000000023142                uip_ds6_select_src
                0x00000000000232cc                uip_ds6_set_addr_iid
                0x0000000000023305                uip_ds6_set_lladdr_from_iid
                0x000000000002333c                get_match_length
                0x00000000000233ea                uip_ds6_compute_reachable_time
 .text          0x0000000000023438      0x1b9 build/cooja/contiki-ng-cooja.a(uip-packetqueue.o)
                0x0000000000023477                uip_packetqueue_new
                0x0000000000023491                uip_packetqueue_alloc
                0x000000000002350b                uip_packetqueue_free
                0x0000000000023563                uip_packetqueue_buf
                0x000000000002358f                uip_packetqueue_buflen
                0x00000000000235be                uip_packetqueue_set_buflen
 .text          0x00000000000235f1     0x3915 build/cooja/contiki-ng-cooja.a(uip6.o)
                0x00000000000235f1                uip_add32
                0x00000000000237fb                uip_chksum
                0x00000000000238e1                uip_icmp6chksum
                0x00000000000238f5                uip_tcpchksum
                0x0000000000023909                uip_udpchksum
                0x000000000002391d                uip_init
                0x00000000000239e2                uip_connect
                0x0000000000023b8c                uip_remove_ext_hdr
                0x0000000000023c8d                uip_udp_new
                0x0000000000023df9                uip_unlisten
                0x0000000000023e48                uip_listen
                0x000000000002416a                uip_process
                0x0000000000026d8c                uip_htons
                0x0000000000026daf                uip_htonl
                0x0000000000026df7                uip_send
 .text          0x0000000000026f06      0x5b1 build/cooja/contiki-ng-cooja.a(uipbuf.o)
                0x0000000000026f06                uipbuf_clear
                0x0000000000026f38                uipbuf_add_ext_hdr
                0x0000000000026fd0                uipbuf_set_len
                0x0000000000027002                uipbuf_set_len_field
                0x0000000000027035                uipbuf_get_len_field
                0x0000000000027060                uipbuf_get_next_header
                0x00000000000271d2                uipbuf_get_last_header
                0x0000000000027265                uipbuf_search_header
                0x000000000002732c                uipbuf_get_attr
                0x000000000002735d                uipbuf_set_attr
                0x000000000002739d                uipbuf_set_default_attr
                0x00000000000273dd                uipbuf_clear_attr
                0x0000000000027404                uipbuf_set_attr_flag
                0x0000000000027427                uipbuf_clr_attr_flag
                0x0000000000027450                uipbuf_is_attr_flag
                0x0000000000027475                uipbuf_init
 .text          0x00000000000274b7      0x57d build/cooja/contiki-ng-cooja.a(uiplib.o)
                0x00000000000274b7                uiplib_ip6addrconv
                0x0000000000027693                uiplib_ip4addrconv
                0x0000000000027765                uiplib_ipaddr_print
                0x00000000000277cb                uiplib_ipaddr_snprint
 .text          0x0000000000027a34      0x66e build/cooja/contiki-ng-cooja.a(rpl.o)
                0x0000000000027a34                rpl_lollipop_greater_than
                0x0000000000027a98                rpl_get_global_address
                0x0000000000027c38                rpl_link_callback
                0x0000000000027ca2                rpl_has_joined
                0x0000000000027cd5                rpl_is_reachable
                0x0000000000027d7b                rpl_reset_prefix
                0x0000000000027df2                rpl_set_prefix_from_addr
                0x0000000000027f0d                rpl_set_prefix
                0x0000000000028077                rpl_set_leaf_only
                0x0000000000028091                rpl_get_leaf_only
 .text          0x00000000000280a2       0x49 build/cooja/contiki-ng-cooja.a(watchdog.o)
                0x00000000000280a2                watchdog_init
                0x00000000000280ad                watchdog_start
                0x00000000000280b8                watchdog_periodic
                0x00000000000280d5                watchdog_stop
                0x00000000000280e0                watchdog_reboot
 .text          0x00000000000280eb       0x61 build/cooja/contiki-ng-cooja.a(int-master.o)
                0x00000000000280eb                int_master_enable
                0x0000000000028100                int_master_read_and_disable
                0x0000000000028120                int_master_status_set
                0x0000000000028137                int_master_is_enabled
 .text          0x000000000002814c      0x125 build/cooja/contiki-ng-cooja.a(stimer.o)
                0x000000000002814c                stimer_set
                0x000000000002817b                stimer_reset
                0x00000000000281b7                stimer_restart
                0x00000000000281d6                stimer_expired
                0x0000000000028218                stimer_remaining
                0x0000000000028250                stimer_elapsed
 .text          0x0000000000028271      0x21a build/cooja/contiki-ng-cooja.a(memb.o)
                0x0000000000028271                memb_init
                0x00000000000282d4                memb_alloc
                0x000000000002834e                memb_free
                0x00000000000283e1                memb_inmemb
                0x0000000000028438                memb_numfree
 .text          0x000000000002848b      0x19d build/cooja/contiki-ng-cooja.a(ringbuf.o)
                0x000000000002848b                ringbuf_init
                0x00000000000284cc                ringbuf_put
                0x000000000002855b                ringbuf_get
                0x00000000000285d9                ringbuf_size
                0x00000000000285f5                ringbuf_elements
 .text          0x0000000000028628      0x481 build/cooja/contiki-ng-cooja.a(link-stats.o)
                0x0000000000028628                link_stats_from_lladdr
                0x0000000000028650                link_stats_get_lladdr
                0x0000000000028678                link_stats_is_fresh
                0x00000000000286c0                guess_etx_from_rssi
                0x0000000000028745                link_stats_packet_sent
                0x00000000000288a9                link_stats_input_callback
                0x0000000000028a0b                link_stats_reset
                0x0000000000028a67                link_stats_init
 .text          0x0000000000028aa9      0xcb3 build/cooja/contiki-ng-cooja.a(nbr-table.o)
                0x0000000000028f07                nbr_table_count_entries
                0x0000000000028fa9                nbr_table_gc_get_worst
                0x0000000000028fec                nbr_table_can_accept_new
                0x00000000000291a1                nbr_table_entry_is_allowed
                0x000000000002924e                nbr_table_register
                0x00000000000292e0                nbr_table_is_registered
                0x0000000000029337                nbr_table_head
                0x00000000000293a5                nbr_table_next
                0x0000000000029422                nbr_table_add_lladdr
                0x0000000000029582                nbr_table_get_from_lladdr
                0x00000000000295e1                nbr_table_remove
                0x000000000002963b                nbr_table_lock
                0x0000000000029670                nbr_table_unlock
                0x00000000000296a5                nbr_table_get_lladdr
                0x00000000000296e8                nbr_table_clear
                0x0000000000029725                nbr_table_key_head
                0x000000000002973e                nbr_table_key_next
 .text          0x000000000002975c      0x1e0 build/cooja/contiki-ng-cooja.a(mac-sequence.o)
                0x000000000002975c                mac_sequence_is_duplicate
                0x000000000002983d                mac_sequence_register_seqno
 .text          0x000000000002993c      0x451 build/cooja/contiki-ng-cooja.a(framer-802154.o)
                0x0000000000029ad7                framer_802154_setup_params
 .text          0x0000000000029d8d      0xae3 build/cooja/contiki-ng-cooja.a(csma-output.o)
                0x000000000002a56f                csma_output_packet
                0x000000000002a838                csma_output_init
 .text          0x000000000002a870       0x3d build/cooja/contiki-ng-cooja.a(csma-security.o)
                0x000000000002a870                csma_security_create_frame
                0x000000000002a896                csma_security_parse_frame
 .text          0x000000000002a8ad      0x8b7 build/cooja/contiki-ng-cooja.a(uip-icmp6.o)
                0x000000000002a92a                uip_icmp6_input
                0x000000000002a988                uip_icmp6_register_input_handler
                0x000000000002ab1a                uip_icmp6_error_output
                0x000000000002ae7f                uip_icmp6_send
                0x000000000002b0cb                uip_icmp6_echo_reply_callback_add
                0x000000000002b112                uip_icmp6_echo_reply_callback_rm
                0x000000000002b13b                uip_icmp6_init
 .text          0x000000000002b164      0x87f build/cooja/contiki-ng-cooja.a(uip-nd6.o)
                0x000000000002b9c9                uip_nd6_init
 .text          0x000000000002b9e3      0x7e7 build/cooja/contiki-ng-cooja.a(uip-sr.o)
                0x000000000002b9e3                uip_sr_num_nodes
                0x000000000002ba8e                uip_sr_get_node
                0x000000000002baf6                uip_sr_is_addr_reachable
                0x000000000002bbbe                uip_sr_expire_parent
                0x000000000002bc2d                uip_sr_update_node
                0x000000000002bda1                uip_sr_init
                0x000000000002bdd4                uip_sr_node_head
                0x000000000002bded                uip_sr_node_next
                0x000000000002be0b                uip_sr_periodic
                0x000000000002bf47                uip_sr_free_all
                0x000000000002bfc6                uip_sr_link_snprint
 .text          0x000000000002c1ca      0x35a build/cooja/contiki-ng-cooja.a(rpl-dag-root.o)
                0x000000000002c1ca                rpl_dag_root_print_links
                0x000000000002c33f                rpl_dag_root_set_prefix
                0x000000000002c37b                rpl_dag_root_start
                0x000000000002c4e4                rpl_dag_root_is_root
 .text          0x000000000002c524     0x1219 build/cooja/contiki-ng-cooja.a(rpl-dag.o)
                0x000000000002c524                rpl_dag_state_to_str
                0x000000000002c582                rpl_dag_get_root_ipaddr
                0x000000000002c5cc                rpl_dag_leave
                0x000000000002c677                rpl_dag_poison_and_leave
                0x000000000002c695                rpl_dag_periodic
                0x000000000002c759                rpl_is_addr_in_our_dag
                0x000000000002c7b5                rpl_get_default_instance
                0x000000000002c7dc                rpl_get_any_dag
                0x000000000002c849                rpl_refresh_routes
                0x000000000002c8ab                rpl_global_repair
                0x000000000002c96d                rpl_local_repair
                0x000000000002c9cf                rpl_dag_ready_to_advertise
                0x000000000002ca27                rpl_dag_update_state
                0x000000000002d2ea                rpl_process_dio
                0x000000000002d38c                rpl_process_dis
                0x000000000002d3e0                rpl_process_dao
                0x000000000002d489                rpl_process_dao_ack
                0x000000000002d539                rpl_process_hbh
                0x000000000002d598                rpl_dag_init_root
                0x000000000002d719                rpl_dag_init
 .text          0x000000000002d73d      0xdef build/cooja/contiki-ng-cooja.a(rpl-ext-header.o)
                0x000000000002d73d                rpl_ext_header_srh_get_next_hop
                0x000000000002d84e                rpl_ext_header_srh_update
                0x000000000002dedd                rpl_ext_header_hbh_update
                0x000000000002e27d                rpl_ext_header_update
                0x000000000002e327                rpl_ext_header_remove
 .text          0x000000000002e52c     0x16eb build/cooja/contiki-ng-cooja.a(rpl-icmp6.o)
                0x000000000002e6c0                rpl_icmp6_update_nbr_table
                0x000000000002e775                rpl_icmp6_dis_output
                0x000000000002ee99                rpl_icmp6_dio_output
                0x000000000002f7c9                rpl_icmp6_dao_output
                0x000000000002fb3a                rpl_icmp6_dao_ack_output
                0x000000000002fbd0                rpl_icmp6_init
 .text          0x000000000002fc17      0x36f build/cooja/contiki-ng-cooja.a(rpl-mrhof.o)
 .text          0x000000000002ff86       0x8c build/cooja/contiki-ng-cooja.a(rpl-nbr-policy.o)
                0x000000000002ffce                rpl_nbr_gc_get_worst
 .text          0x0000000000030012      0xadd build/cooja/contiki-ng-cooja.a(rpl-neighbor.o)
                0x00000000000300a5                rpl_neighbor_snprint
                0x00000000000303d3                rpl_neighbor_print_list
                0x00000000000304aa                rpl_neighbor_count
                0x0000000000030595                rpl_neighbor_get_from_lladdr
                0x00000000000305c0                rpl_neighbor_is_acceptable_parent
                0x000000000003060c                rpl_neighbor_get_link_metric
                0x0000000000030658                rpl_neighbor_rank_via_nbr
                0x00000000000306a4                rpl_neighbor_get_lladdr
                0x00000000000306cf                rpl_neighbor_get_ipaddr
                0x00000000000306fd                rpl_neighbor_get_link_stats
                0x000000000003072b                rpl_neighbor_is_fresh
                0x0000000000030759                rpl_neighbor_is_parent
                0x0000000000030792                rpl_neighbor_set_preferred_parent
                0x0000000000030849                rpl_neighbor_remove_all
                0x00000000000308af                rpl_neighbor_get_from_ipaddr
                0x00000000000309e8                rpl_neighbor_select_best
                0x0000000000030ac8                rpl_neighbor_init
 .text          0x0000000000030aef      0xd3d build/cooja/contiki-ng-cooja.a(rpl-timers.o)
                0x0000000000030aef                rpl_timers_schedule_periodic_dis
                0x0000000000030ca5                rpl_timers_dio_reset
                0x0000000000030e29                rpl_timers_schedule_unicast_dio
                0x0000000000031010                rpl_timers_schedule_dao
                0x0000000000031116                rpl_timers_schedule_dao_ack
                0x00000000000311db                rpl_timers_notify_dao_ack
                0x0000000000031250                get_probing_delay
                0x0000000000031297                get_probing_target
                0x00000000000314d5                rpl_schedule_probing
                0x000000000003151c                rpl_schedule_probing_now
                0x00000000000315aa                rpl_timers_unschedule_leaving
                0x00000000000315f4                rpl_timers_schedule_leaving
                0x0000000000031652                rpl_timers_init
                0x0000000000031704                rpl_timers_stop_dag_timers
                0x00000000000317a6                rpl_timers_unschedule_state_update
                0x00000000000317d3                rpl_timers_schedule_state_update
 .text          0x000000000003182c       0x34 build/cooja/contiki-ng-cooja.a(assert.o)
                0x000000000003182c                _xassert
 .text          0x0000000000031860       0x3a build/cooja/contiki-ng-cooja.a(mac.o)
                0x0000000000031860                mac_call_sent_callback
 .text          0x000000000003189a      0xca9 build/cooja/contiki-ng-cooja.a(frame802154.o)
                0x00000000000318c8                frame802154_get_pan_id
                0x00000000000318d9                frame802154_set_pan_id
                0x00000000000318f5                frame802154_has_panid
                0x0000000000031ad4                frame802154_check_dest_panid
                0x0000000000031b72                frame802154_is_broadcast_addr
                0x0000000000031bc9                frame802154_extract_linkaddr
                0x0000000000031e63                frame802154_hdrlen
                0x0000000000031ee2                frame802154_create_fcf
                0x0000000000031fb4                frame802154_create
                0x000000000003215e                frame802154_parse_fcf
                0x0000000000032255                frame802154_parse
 .text          0x0000000000032543        0x0 /usr/lib/gcc/x86_64-linux-gnu/11/crtendS.o
 .text          0x0000000000032543        0x0 /usr/lib/gcc/x86_64-linux-gnu/11/../../../x86_64-linux-gnu/crtn.o
 *(.gnu.warning)

.fini           0x0000000000032544        0xd
 *(SORT_NONE(.fini))
 .fini          0x0000000000032544        0x8 /usr/lib/gcc/x86_64-linux-gnu/11/../../../x86_64-linux-gnu/crti.o
                0x0000000000032544                _fini
 .fini          0x000000000003254c        0x5 /usr/lib/gcc/x86_64-linux-gnu/11/../../../x86_64-linux-gnu/crtn.o
                [!provide]                        PROVIDE (__etext = .)
                [!provide]                        PROVIDE (_etext = .)
                [!provide]                        PROVIDE (etext = .)
                0x0000000000033000                . = ALIGN (CONSTANT (MAXPAGESIZE))
                0x0000000000033000                . = SEGMENT_START ("rodata-segment", (ALIGN (CONSTANT (MAXPAGESIZE)) + (. & (CONSTANT (MAXPAGESIZE) - 0x1))))

.rodata         0x0000000000033000      0xd25
 *(.rodata .rodata.* .gnu.linkonce.r.*)
 .rodata        0x0000000000033000      0x244 occupancy.o
 .rodata        0x0000000000033244        0x6 build/cooja/contiki-ng-cooja.a(leds-arch.o)
                0x0000000000033244                leds_arch_leds
 .rodata        0x000000000003324a        0x4 build/cooja/contiki-ng-cooja.a(pir-sensor.o)
 .rodata        0x000000000003324e        0x3 build/cooja/contiki-ng-cooja.a(rs232.o)
 .rodata        0x0000000000033251        0xa build/cooja/contiki-ng-cooja.a(vib-sensor.o)
 *fill*         0x000000000003325b        0x5 
 .rodata        0x0000000000033260       0x26 build/cooja/contiki-ng-cooja.a(cfs-cooja.o)
 *fill*         0x0000000000033286        0x2 
 .rodata        0x0000000000033288       0x68 build/cooja/contiki-ng-cooja.a(cooja-radio.o)
 .rodata        0x00000000000332f0        0x8 build/cooja/contiki-ng-cooja.a(sensors.o)
 .rodata        0x00000000000332f8       0x14 build/cooja/contiki-ng-cooja.a(buttons.o)
                0x0000000000033304                button_hal_button_count
 .rodata        0x000000000003330c      0x29c build/cooja/contiki-ng-cooja.a(mqtt.o)
 .rodata        0x00000000000335a8       0xf4 build/cooja/contiki-ng-cooja.a(contiki-main.o)
 .rodata        0x000000000003369c        0xf build/cooja/contiki-ng-cooja.a(ctimer.o)
 .rodata        0x00000000000336ab        0xc build/cooja/contiki-ng-cooja.a(etimer.o)
 *fill*         0x00000000000336b7        0x1 
 .rodata        0x00000000000336b8       0xc0 build/cooja/contiki-ng-cooja.a(log.o)
 .rodata        0x0000000000033778       0x13 build/cooja/contiki-ng-cooja.a(button-hal.o)
 .rodata        0x000000000003378b        0xe build/cooja/contiki-ng-cooja.a(serial-line.o)
 *fill*         0x0000000000033799        0x7 
 .rodata        0x00000000000337a0        0x8 build/cooja/contiki-ng-cooja.a(linkaddr.o)
                0x00000000000337a0                linkaddr_null
 *fill*         0x00000000000337a8        0x8 
 .rodata        0x00000000000337b0      0x280 build/cooja/contiki-ng-cooja.a(strformat.o)
 .rodata        0x0000000000033a30        0x5 build/cooja/contiki-ng-cooja.a(csma.o)
 .rodata        0x0000000000033a35       0x1d build/cooja/contiki-ng-cooja.a(sicslowpan.o)
                0x0000000000033a35                unc_llconf
                0x0000000000033a39                unc_ctxconf
                0x0000000000033a3d                unc_mxconf
                0x0000000000033a41                llprefix
 .rodata        0x0000000000033a52       0x13 build/cooja/contiki-ng-cooja.a(tcp-socket.o)
 .rodata        0x0000000000033a65        0xd build/cooja/contiki-ng-cooja.a(tcpip.o)
 *fill*         0x0000000000033a72        0x6 
 .rodata        0x0000000000033a78       0x4c build/cooja/contiki-ng-cooja.a(uip-ds6-route.o)
 .rodata        0x0000000000033ac4       0x48 build/cooja/contiki-ng-cooja.a(uip6.o)
 .rodata        0x0000000000033b0c       0x2d build/cooja/contiki-ng-cooja.a(uiplib.o)
 .rodata        0x0000000000033b39        0x9 build/cooja/contiki-ng-cooja.a(rpl.o)
 *fill*         0x0000000000033b42        0x6 
 .rodata        0x0000000000033b48       0x34 build/cooja/contiki-ng-cooja.a(csma-output.o)
 .rodata        0x0000000000033b7c       0x44 build/cooja/contiki-ng-cooja.a(uip-sr.o)
 .rodata        0x0000000000033bc0       0xd7 build/cooja/contiki-ng-cooja.a(rpl-dag.o)
 *fill*         0x0000000000033c97        0x1 
 .rodata        0x0000000000033c98       0x58 build/cooja/contiki-ng-cooja.a(rpl-neighbor.o)
 .rodata        0x0000000000033cf0        0xc build/cooja/contiki-ng-cooja.a(rpl-timers.o)
 *fill*         0x0000000000033cfc        0x4 
 .rodata        0x0000000000033d00       0x25 build/cooja/contiki-ng-cooja.a(assert.o)

.rodata1
 *(.rodata1)

.eh_frame_hdr   0x0000000000033d28     0x18e4
 *(.eh_frame_hdr)
 .eh_frame_hdr  0x0000000000033d28     0x18e4 occupancy.o
                0x0000000000033d28                __GNU_EH_FRAME_HDR
 *(.eh_frame_entry .eh_frame_entry.*)

.eh_frame       0x0000000000035610     0x63f8
 *(.eh_frame)
 .eh_frame      0x0000000000035610       0x40 /usr/lib/gcc/x86_64-linux-gnu/11/../../../x86_64-linux-gnu/crti.o
 .eh_frame      0x0000000000035650       0x18 /usr/lib/gcc/x86_64-linux-gnu/11/../../../x86_64-linux-gnu/crti.o
                                         0x30 (size before relaxing)
 .eh_frame      0x0000000000035668       0x18 /usr/lib/gcc/x86_64-linux-gnu/11/../../../x86_64-linux-gnu/crti.o
                                         0x30 (size before relaxing)
 .eh_frame      0x0000000000035680       0x68 occupancy.o
                                         0x80 (size before relaxing)
 .eh_frame      0x00000000000356e8      0x198 build/cooja/mtype14713726.o
                                        0x1b0 (size before relaxing)
 .eh_frame      0x0000000000035880       0x40 build/cooja/contiki-ng-cooja.a(simEnvChange.o)
                                         0x58 (size before relaxing)
 .eh_frame      0x00000000000358c0       0x60 build/cooja/contiki-ng-cooja.a(cooja_mt.o)
                                         0x78 (size before relaxing)
 .eh_frame      0x0000000000035920       0x80 build/cooja/contiki-ng-cooja.a(cooja_mtarch.o)
                                         0x98 (size before relaxing)
 .eh_frame      0x00000000000359a0       0xc0 build/cooja/contiki-ng-cooja.a(rtimer-arch.o)
                                         0xd8 (size before relaxing)
 .eh_frame      0x0000000000035a60      0x160 build/cooja/contiki-ng-cooja.a(beep.o)
                                        0x178 (size before relaxing)
 .eh_frame      0x0000000000035bc0       0x80 build/cooja/contiki-ng-cooja.a(leds-arch.o)
                                         0x98 (size before relaxing)
 .eh_frame      0x0000000000035c40       0x40 build/cooja/contiki-ng-cooja.a(moteid.o)
                                         0x58 (size before relaxing)
 .eh_frame      0x0000000000035c80       0xa0 build/cooja/contiki-ng-cooja.a(pir-sensor.o)
                                         0xb8 (size before relaxing)
 .eh_frame      0x0000000000035d20      0x100 build/cooja/contiki-ng-cooja.a(rs232.o)
                                        0x118 (size before relaxing)
 .eh_frame      0x0000000000035e20       0xa0 build/cooja/contiki-ng-cooja.a(vib-sensor.o)
                                         0xb8 (size before relaxing)
 .eh_frame      0x0000000000035ec0       0xc0 build/cooja/contiki-ng-cooja.a(clock.o)
                                         0xd8 (size before relaxing)
 .eh_frame      0x0000000000035f80      0x100 build/cooja/contiki-ng-cooja.a(cooja-log.o)
                                        0x118 (size before relaxing)
 .eh_frame      0x0000000000036080      0x160 build/cooja/contiki-ng-cooja.a(cfs-cooja.o)
                                        0x178 (size before relaxing)
 .eh_frame      0x00000000000361e0      0x360 build/cooja/contiki-ng-cooja.a(cooja-radio.o)
                                        0x378 (size before relaxing)
 .eh_frame      0x0000000000036540       0xa0 build/cooja/contiki-ng-cooja.a(eeprom.o)
                                         0xb8 (size before relaxing)
 .eh_frame      0x00000000000365e0       0x40 build/cooja/contiki-ng-cooja.a(random.o)
                                         0x58 (size before relaxing)
 .eh_frame      0x0000000000036620       0xc0 build/cooja/contiki-ng-cooja.a(sensors.o)
                                         0xd8 (size before relaxing)
 .eh_frame      0x00000000000366e0      0x120 build/cooja/contiki-ng-cooja.a(leds.o)
                                        0x138 (size before relaxing)
 .eh_frame      0x0000000000036800      0x220 build/cooja/contiki-ng-cooja.a(gpio-hal-arch.o)
                                        0x238 (size before relaxing)
 .eh_frame      0x0000000000036a20       0xa0 build/cooja/contiki-ng-cooja.a(buttons.o)
                                         0xb8 (size before relaxing)
 .eh_frame      0x0000000000036ac0      0x4e0 build/cooja/contiki-ng-cooja.a(mqtt.o)
                                        0x4f8 (size before relaxing)
 .eh_frame      0x0000000000036fa0       0x20 build/cooja/contiki-ng-cooja.a(contiki-main.o)
                                         0x38 (size before relaxing)
 .eh_frame      0x0000000000036fc0       0x40 build/cooja/contiki-ng-cooja.a(autostart.o)
                                         0x58 (size before relaxing)
 .eh_frame      0x0000000000037000      0x100 build/cooja/contiki-ng-cooja.a(ctimer.o)
                                        0x118 (size before relaxing)
 .eh_frame      0x0000000000037100       0x60 build/cooja/contiki-ng-cooja.a(energest.o)
                                         0x78 (size before relaxing)
 .eh_frame      0x0000000000037160      0x1e0 build/cooja/contiki-ng-cooja.a(etimer.o)
                                        0x1f8 (size before relaxing)
 .eh_frame      0x0000000000037340      0x120 build/cooja/contiki-ng-cooja.a(log.o)
                                        0x138 (size before relaxing)
 .eh_frame      0x0000000000037460       0x20 build/cooja/contiki-ng-cooja.a(node-id.o)
                                         0x38 (size before relaxing)
 .eh_frame      0x0000000000037480      0x1c8 build/cooja/contiki-ng-cooja.a(process.o)
                                        0x1e0 (size before relaxing)
 .eh_frame      0x0000000000037648       0x60 build/cooja/contiki-ng-cooja.a(rtimer.o)
                                         0x78 (size before relaxing)
 .eh_frame      0x00000000000376a8       0xa0 build/cooja/contiki-ng-cooja.a(timer.o)
                                         0xb8 (size before relaxing)
 .eh_frame      0x0000000000037748      0x1a0 build/cooja/contiki-ng-cooja.a(list.o)
                                        0x1b8 (size before relaxing)
 .eh_frame      0x00000000000378e8      0x160 build/cooja/contiki-ng-cooja.a(button-hal.o)
                                        0x178 (size before relaxing)
 .eh_frame      0x0000000000037a48       0xe0 build/cooja/contiki-ng-cooja.a(gpio-hal.o)
                                         0xf8 (size before relaxing)
 .eh_frame      0x0000000000037b28       0x60 build/cooja/contiki-ng-cooja.a(serial-line.o)
                                         0x78 (size before relaxing)
 .eh_frame      0x0000000000037b88       0x60 build/cooja/contiki-ng-cooja.a(linkaddr.o)
                                         0x78 (size before relaxing)
 .eh_frame      0x0000000000037be8       0x80 build/cooja/contiki-ng-cooja.a(netstack.o)
                                         0x98 (size before relaxing)
 .eh_frame      0x0000000000037c68      0x288 build/cooja/contiki-ng-cooja.a(packetbuf.o)
                                        0x2a0 (size before relaxing)
 .eh_frame      0x0000000000037ef0      0x1a0 build/cooja/contiki-ng-cooja.a(queuebuf.o)
                                        0x1b8 (size before relaxing)
 .eh_frame      0x0000000000038090       0x40 build/cooja/contiki-ng-cooja.a(printf.o)
                                         0x58 (size before relaxing)
 .eh_frame      0x00000000000380d0       0x20 build/cooja/contiki-ng-cooja.a(putchar.o)
                                         0x38 (size before relaxing)
 .eh_frame      0x00000000000380f0       0x20 build/cooja/contiki-ng-cooja.a(puts.o)
                                         0x38 (size before relaxing)
 .eh_frame      0x0000000000038110       0x60 build/cooja/contiki-ng-cooja.a(snprintf.o)
                                         0x78 (size before relaxing)
 .eh_frame      0x0000000000038170       0x40 build/cooja/contiki-ng-cooja.a(sprintf.o)
                                         0x58 (size before relaxing)
 .eh_frame      0x00000000000381b0      0x120 build/cooja/contiki-ng-cooja.a(strformat.o)
                                        0x138 (size before relaxing)
 .eh_frame      0x00000000000382d0       0xe0 build/cooja/contiki-ng-cooja.a(csma.o)
                                         0xf8 (size before relaxing)
 .eh_frame      0x00000000000383b0      0x2e0 build/cooja/contiki-ng-cooja.a(sicslowpan.o)
                                        0x2f8 (size before relaxing)
 .eh_frame      0x0000000000038690      0x248 build/cooja/contiki-ng-cooja.a(tcp-socket.o)
                                        0x260 (size before relaxing)
 .eh_frame      0x00000000000388d8      0x308 build/cooja/contiki-ng-cooja.a(tcpip.o)
                                        0x320 (size before relaxing)
 .eh_frame      0x0000000000038be0      0x1c0 build/cooja/contiki-ng-cooja.a(uip-ds6-nbr.o)
                                        0x1d8 (size before relaxing)
 .eh_frame      0x0000000000038da0      0x240 build/cooja/contiki-ng-cooja.a(uip-ds6-route.o)
                                        0x258 (size before relaxing)
 .eh_frame      0x0000000000038fe0      0x328 build/cooja/contiki-ng-cooja.a(uip-ds6.o)
                                        0x340 (size before relaxing)
 .eh_frame      0x0000000000039308       0xe0 build/cooja/contiki-ng-cooja.a(uip-packetqueue.o)
                                         0xf8 (size before relaxing)
 .eh_frame      0x00000000000393e8      0x2b0 build/cooja/contiki-ng-cooja.a(uip6.o)
                                        0x2c8 (size before relaxing)
 .eh_frame      0x0000000000039698      0x200 build/cooja/contiki-ng-cooja.a(uipbuf.o)
                                        0x218 (size before relaxing)
 .eh_frame      0x0000000000039898       0x80 build/cooja/contiki-ng-cooja.a(uiplib.o)
                                         0x98 (size before relaxing)
 .eh_frame      0x0000000000039918      0x1e0 build/cooja/contiki-ng-cooja.a(rpl.o)
                                        0x1f8 (size before relaxing)
 .eh_frame      0x0000000000039af8       0xa0 build/cooja/contiki-ng-cooja.a(watchdog.o)
                                         0xb8 (size before relaxing)
 .eh_frame      0x0000000000039b98       0x80 build/cooja/contiki-ng-cooja.a(int-master.o)
                                         0x98 (size before relaxing)
 .eh_frame      0x0000000000039c18       0xc0 build/cooja/contiki-ng-cooja.a(stimer.o)
                                         0xd8 (size before relaxing)
 .eh_frame      0x0000000000039cd8       0xa0 build/cooja/contiki-ng-cooja.a(memb.o)
                                         0xb8 (size before relaxing)
 .eh_frame      0x0000000000039d78       0xa0 build/cooja/contiki-ng-cooja.a(ringbuf.o)
                                         0xb8 (size before relaxing)
 .eh_frame      0x0000000000039e18      0x120 build/cooja/contiki-ng-cooja.a(link-stats.o)
                                        0x138 (size before relaxing)
 .eh_frame      0x0000000000039f38      0x3e0 build/cooja/contiki-ng-cooja.a(nbr-table.o)
                                        0x3f8 (size before relaxing)
 .eh_frame      0x000000000003a318       0x48 build/cooja/contiki-ng-cooja.a(mac-sequence.o)
                                         0x60 (size before relaxing)
 .eh_frame      0x000000000003a360       0xa8 build/cooja/contiki-ng-cooja.a(framer-802154.o)
                                         0xc0 (size before relaxing)
 .eh_frame      0x000000000003a408      0x1c8 build/cooja/contiki-ng-cooja.a(csma-output.o)
                                        0x1e0 (size before relaxing)
 .eh_frame      0x000000000003a5d0       0x40 build/cooja/contiki-ng-cooja.a(csma-security.o)
                                         0x58 (size before relaxing)
 .eh_frame      0x000000000003a610      0x148 build/cooja/contiki-ng-cooja.a(uip-icmp6.o)
                                        0x160 (size before relaxing)
 .eh_frame      0x000000000003a758       0x80 build/cooja/contiki-ng-cooja.a(uip-nd6.o)
                                         0x98 (size before relaxing)
 .eh_frame      0x000000000003a7d8      0x180 build/cooja/contiki-ng-cooja.a(uip-sr.o)
                                        0x198 (size before relaxing)
 .eh_frame      0x000000000003a958       0xa0 build/cooja/contiki-ng-cooja.a(rpl-dag-root.o)
                                         0xb8 (size before relaxing)
 .eh_frame      0x000000000003a9f8      0x360 build/cooja/contiki-ng-cooja.a(rpl-dag.o)
                                        0x378 (size before relaxing)
 .eh_frame      0x000000000003ad58      0x128 build/cooja/contiki-ng-cooja.a(rpl-ext-header.o)
                                        0x140 (size before relaxing)
 .eh_frame      0x000000000003ae80      0x1c0 build/cooja/contiki-ng-cooja.a(rpl-icmp6.o)
                                        0x1d8 (size before relaxing)
 .eh_frame      0x000000000003b040      0x148 build/cooja/contiki-ng-cooja.a(rpl-mrhof.o)
                                        0x160 (size before relaxing)
 .eh_frame      0x000000000003b188       0x40 build/cooja/contiki-ng-cooja.a(rpl-nbr-policy.o)
                                         0x58 (size before relaxing)
 .eh_frame      0x000000000003b1c8      0x2b0 build/cooja/contiki-ng-cooja.a(rpl-neighbor.o)
                                        0x2c8 (size before relaxing)
 .eh_frame      0x000000000003b478      0x3a8 build/cooja/contiki-ng-cooja.a(rpl-timers.o)
                                        0x3c0 (size before relaxing)
 .eh_frame      0x000000000003b820       0x20 build/cooja/contiki-ng-cooja.a(assert.o)
                                         0x38 (size before relaxing)
 .eh_frame      0x000000000003b840       0x20 build/cooja/contiki-ng-cooja.a(mac.o)
                                         0x38 (size before relaxing)
 .eh_frame      0x000000000003b860      0x1a4 build/cooja/contiki-ng-cooja.a(frame802154.o)
                                        0x1c0 (size before relaxing)
 .eh_frame      0x000000000003ba04        0x4 /usr/lib/gcc/x86_64-linux-gnu/11/crtendS.o
 *(.eh_frame.*)

.gcc_except_table
 *(.gcc_except_table .gcc_except_table.*)

.gnu_extab
 *(.gnu_extab*)

.exception_ranges
 *(.exception_ranges*)
                0x000000000003d6d0                . = DATA_SEGMENT_ALIGN (CONSTANT (MAXPAGESIZE), CONSTANT (COMMONPAGESIZE))

.eh_frame
 *(.eh_frame)
 *(.eh_frame.*)

.gnu_extab
 *(.gnu_extab)

.gcc_except_table
 *(.gcc_except_table .gcc_except_table.*)

.exception_ranges
 *(.exception_ranges*)

.tdata
 *(.tdata .tdata.* .gnu.linkonce.td.*)

.tbss
 *(.tbss .tbss.* .gnu.linkonce.tb.*)
 *(.tcommon)

.preinit_array
 *(.preinit_array)

.init_array     0x000000000003d6d0        0x8
 *(SORT_BY_INIT_PRIORITY(.init_array.*) SORT_BY_INIT_PRIORITY(.ctors.*))
 *(.init_array EXCLUDE_FILE(*crtend?.o *crtend.o *crtbegin?.o *crtbegin.o) .ctors)
 .init_array    0x000000000003d6d0        0x8 /usr/lib/gcc/x86_64-linux-gnu/11/crtbeginS.o

.fini_array     0x000000000003d6d8        0x8
 *(SORT_BY_INIT_PRIORITY(.fini_array.*) SORT_BY_INIT_PRIORITY(.dtors.*))
 *(.fini_array EXCLUDE_FILE(*crtend?.o *crtend.o *crtbegin?.o *crtbegin.o) .dtors)
 .fini_array    0x000000000003d6d8        0x8 /usr/lib/gcc/x86_64-linux-gnu/11/crtbeginS.o

.ctors
 *crtbegin.o(.ctors)
 *crtbegin?.o(.ctors)
 *(EXCLUDE_FILE(*crtend?.o *crtend.o) .ctors)
 *(SORT_BY_NAME(.ctors.*))
 *(.ctors)

.dtors
 *crtbegin.o(.dtors)
 *crtbegin?.o(.dtors)
 *(EXCLUDE_FILE(*crtend?.o *crtend.o) .dtors)
 *(SORT_BY_NAME(.dtors.*))
 *(.dtors)

.jcr
 *(.jcr)

.data.rel.ro    0x000000000003d6e0      0x350
 *(.data.rel.ro.local* .gnu.linkonce.d.rel.ro.local.*)
 .data.rel.ro.local
                0x000000000003d6e0       0x10 build/cooja/contiki-ng-cooja.a(beep.o)
                0x000000000003d6e0                beep_interface
 .data.rel.ro.local
                0x000000000003d6f0       0x10 build/cooja/contiki-ng-cooja.a(leds-arch.o)
                0x000000000003d6f0                leds_interface
 .data.rel.ro.local
                0x000000000003d700       0x10 build/cooja/contiki-ng-cooja.a(moteid.o)
                0x000000000003d700                moteid_interface
 *fill*         0x000000000003d710       0x10 
 .data.rel.ro.local
                0x000000000003d720       0x40 build/cooja/contiki-ng-cooja.a(pir-sensor.o)
                0x000000000003d720                pir_interface
                0x000000000003d740                pir_sensor
 .data.rel.ro.local
                0x000000000003d760       0x10 build/cooja/contiki-ng-cooja.a(rs232.o)
                0x000000000003d760                rs232_interface
 *fill*         0x000000000003d770       0x10 
 .data.rel.ro.local
                0x000000000003d780       0x40 build/cooja/contiki-ng-cooja.a(vib-sensor.o)
                0x000000000003d780                vib_interface
                0x000000000003d7a0                vib_sensor
 .data.rel.ro.local
                0x000000000003d7c0       0x10 build/cooja/contiki-ng-cooja.a(clock.o)
                0x000000000003d7c0                clock_interface
 .data.rel.ro.local
                0x000000000003d7d0       0x10 build/cooja/contiki-ng-cooja.a(cooja-log.o)
                0x000000000003d7d0                simlog_interface
 .data.rel.ro.local
                0x000000000003d7e0       0x10 build/cooja/contiki-ng-cooja.a(cfs-cooja.o)
                0x000000000003d7e0                cfs_interface
 *fill*         0x000000000003d7f0       0x10 
 .data.rel.ro.local
                0x000000000003d800       0x90 build/cooja/contiki-ng-cooja.a(cooja-radio.o)
                0x000000000003d800                radio_interface
                0x000000000003d820                cooja_radio_driver
 .data.rel.ro.local
                0x000000000003d890       0x10 build/cooja/contiki-ng-cooja.a(eeprom.o)
                0x000000000003d890                eeprom_interface
 .data.rel.ro.local
                0x000000000003d8a0       0x40 build/cooja/contiki-ng-cooja.a(buttons.o)
                0x000000000003d8a0                button_interface
                0x000000000003d8c0                button_sensor
 .data.rel.ro.local
                0x000000000003d8e0       0x38 build/cooja/contiki-ng-cooja.a(csma.o)
                0x000000000003d8e0                csma_driver
 *fill*         0x000000000003d918        0x8 
 .data.rel.ro.local
                0x000000000003d920       0x18 build/cooja/contiki-ng-cooja.a(framer-802154.o)
                0x000000000003d920                framer_802154
 *(.data.rel.ro .data.rel.ro.* .gnu.linkonce.d.rel.ro.*)
 .data.rel.ro   0x000000000003d938        0x0 /usr/lib/gcc/x86_64-linux-gnu/11/../../../x86_64-linux-gnu/crti.o
 *fill*         0x000000000003d938        0x8 
 .data.rel.ro   0x000000000003d940       0x10 occupancy.o
                0x000000000003d940                autostart_processes
 *fill*         0x000000000003d950       0x10 
 .data.rel.ro   0x000000000003d960       0x20 build/cooja/contiki-ng-cooja.a(sicslowpan.o)
                0x000000000003d960                sicslowpan_driver
 .data.rel.ro   0x000000000003d980       0xa8 build/cooja/contiki-ng-cooja.a(rpl.o)
                0x000000000003d980                rpl_lite_driver
 .data.rel.ro   0x000000000003da28        0x8 build/cooja/contiki-ng-cooja.a(rpl-dag.o)

.dynamic        0x000000000003da30      0x1c0
 *(.dynamic)
 .dynamic       0x000000000003da30      0x1c0 /usr/lib/gcc/x86_64-linux-gnu/11/../../../x86_64-linux-gnu/crti.o
                0x000000000003da30                _DYNAMIC

.got            0x000000000003dbf0      0x3f8
 *(.got)
 .got           0x000000000003dbf0      0x3f8 /usr/lib/gcc/x86_64-linux-gnu/11/../../../x86_64-linux-gnu/crti.o
 *(.igot)
                0x000000000003dfe8                . = DATA_SEGMENT_RELRO_END (., (SIZEOF (.got.plt) >= 0x18)?0x18:0x0)

.got.plt        0x000000000003e000      0xbb8
 *(.got.plt)
 .got.plt       0x000000000003e000      0xbb8 /usr/lib/gcc/x86_64-linux-gnu/11/../../../x86_64-linux-gnu/crti.o
                0x000000000003e000                _GLOBAL_OFFSET_TABLE_
 *(.igot.plt)

.data           0x000000000003ebc0      0x812
 *(.data .data.* .gnu.linkonce.d.*)
 .data          0x000000000003ebc0        0x0 /usr/lib/gcc/x86_64-linux-gnu/11/../../../x86_64-linux-gnu/crti.o
 .data          0x000000000003ebc0        0x0 /usr/lib/gcc/x86_64-linux-gnu/11/crtbeginS.o
 .data.rel.local
                0x000000000003ebc0        0x8 /usr/lib/gcc/x86_64-linux-gnu/11/crtbeginS.o
                0x000000000003ebc0                __dso_handle
 .data          0x000000000003ebc8        0x0 occupancy.o
 *fill*         0x000000000003ebc8       0x18 
 .data.rel.local
                0x000000000003ebe0       0x40 occupancy.o
                0x000000000003ec00                occupancy_process
 .data          0x000000000003ec20        0x0 build/cooja/mtype14713726.o
 .data.rel      0x000000000003ec20       0xa0 build/cooja/mtype14713726.o
                0x000000000003ec20                simInterfaces
                0x000000000003eca0                sensors
 .data          0x000000000003ecc0        0x0 build/cooja/contiki-ng-cooja.a(simEnvChange.o)
 .data          0x000000000003ecc0        0x0 build/cooja/contiki-ng-cooja.a(cooja_mt.o)
 .data          0x000000000003ecc0        0x0 build/cooja/contiki-ng-cooja.a(cooja_mtarch.o)
 .data          0x000000000003ecc0        0x0 build/cooja/contiki-ng-cooja.a(rtimer-arch.o)
 .data          0x000000000003ecc0        0x0 build/cooja/contiki-ng-cooja.a(beep.o)
 .data          0x000000000003ecc0        0x0 build/cooja/contiki-ng-cooja.a(leds-arch.o)
 .data          0x000000000003ecc0        0x0 build/cooja/contiki-ng-cooja.a(moteid.o)
 .data          0x000000000003ecc0        0x0 build/cooja/contiki-ng-cooja.a(pir-sensor.o)
 .data          0x000000000003ecc0        0x0 build/cooja/contiki-ng-cooja.a(rs232.o)
 .data          0x000000000003ecc0        0x0 build/cooja/contiki-ng-cooja.a(vib-sensor.o)
 .data          0x000000000003ecc0        0x0 build/cooja/contiki-ng-cooja.a(clock.o)
 .data          0x000000000003ecc0        0x0 build/cooja/contiki-ng-cooja.a(cooja-log.o)
 .data          0x000000000003ecc0        0x0 build/cooja/contiki-ng-cooja.a(cfs-cooja.o)
 .data          0x000000000003ecc0       0x20 build/cooja/contiki-ng-cooja.a(cooja-radio.o)
                0x000000000003ecc0                simRadioHWOn
                0x000000000003ecc4                simSignalStrength
                0x000000000003ecc8                simLastSignalStrength
                0x000000000003eccc                simPower
                0x000000000003ecd0                simRadioChannel
                0x000000000003ecd4                simLQI
                0x000000000003ecd8                simLastLQI
 .data.rel.local
                0x000000000003ece0       0x20 build/cooja/contiki-ng-cooja.a(cooja-radio.o)
                0x000000000003ece0                cooja_radio_process
 .data          0x000000000003ed00        0x0 build/cooja/contiki-ng-cooja.a(eeprom.o)
 .data          0x000000000003ed00        0x0 build/cooja/contiki-ng-cooja.a(random.o)
 .data          0x000000000003ed00        0x0 build/cooja/contiki-ng-cooja.a(sensors.o)
 .data.rel.local
                0x000000000003ed00       0x20 build/cooja/contiki-ng-cooja.a(sensors.o)
                0x000000000003ed00                sensors_process
 .data          0x000000000003ed20        0x0 build/cooja/contiki-ng-cooja.a(leds.o)
 .data          0x000000000003ed20        0x0 build/cooja/contiki-ng-cooja.a(gpio-hal-arch.o)
 .data          0x000000000003ed20        0x1 build/cooja/contiki-ng-cooja.a(buttons.o)
                0x000000000003ed20                simButtonIsActive
 *fill*         0x000000000003ed21       0x1f 
 .data.rel.local
                0x000000000003ed40       0xb0 build/cooja/contiki-ng-cooja.a(buttons.o)
                0x000000000003ede0                button_hal_buttons
 .data          0x000000000003edf0        0x0 build/cooja/contiki-ng-cooja.a(mqtt.o)
 *fill*         0x000000000003edf0       0x10 
 .data.rel.local
                0x000000000003ee00       0x40 build/cooja/contiki-ng-cooja.a(mqtt.o)
                0x000000000003ee20                mqtt_process
 .data          0x000000000003ee40        0x0 build/cooja/contiki-ng-cooja.a(contiki-main.o)
 .data          0x000000000003ee40        0x0 build/cooja/contiki-ng-cooja.a(autostart.o)
 .data          0x000000000003ee40        0x0 build/cooja/contiki-ng-cooja.a(ctimer.o)
 .data.rel.local
                0x000000000003ee40       0x40 build/cooja/contiki-ng-cooja.a(ctimer.o)
                0x000000000003ee60                ctimer_process
 .data          0x000000000003ee80        0x0 build/cooja/contiki-ng-cooja.a(energest.o)
 .data          0x000000000003ee80        0x0 build/cooja/contiki-ng-cooja.a(etimer.o)
 .data.rel.local
                0x000000000003ee80       0x20 build/cooja/contiki-ng-cooja.a(etimer.o)
                0x000000000003ee80                etimer_process
 .data          0x000000000003eea0        0x4 build/cooja/contiki-ng-cooja.a(log.o)
                0x000000000003eea0                curr_log_level_main
 *fill*         0x000000000003eea4       0x1c 
 .data.rel      0x000000000003eec0      0x138 build/cooja/contiki-ng-cooja.a(log.o)
                0x000000000003eec0                all_modules
 .data          0x000000000003eff8        0x0 build/cooja/contiki-ng-cooja.a(node-id.o)
 .data          0x000000000003eff8        0x0 build/cooja/contiki-ng-cooja.a(process.o)
 .data          0x000000000003eff8        0x0 build/cooja/contiki-ng-cooja.a(rtimer.o)
 .data          0x000000000003eff8        0x0 build/cooja/contiki-ng-cooja.a(timer.o)
 .data          0x000000000003eff8        0x0 build/cooja/contiki-ng-cooja.a(list.o)
 .data          0x000000000003eff8        0x0 build/cooja/contiki-ng-cooja.a(button-hal.o)
 *fill*         0x000000000003eff8        0x8 
 .data.rel.local
                0x000000000003f000       0x20 build/cooja/contiki-ng-cooja.a(button-hal.o)
                0x000000000003f000                button_hal_process
 .data          0x000000000003f020        0x0 build/cooja/contiki-ng-cooja.a(gpio-hal.o)
 .data.rel.local
                0x000000000003f020        0x8 build/cooja/contiki-ng-cooja.a(gpio-hal.o)
 .data          0x000000000003f028        0x0 build/cooja/contiki-ng-cooja.a(serial-line.o)
 *fill*         0x000000000003f028       0x18 
 .data.rel.local
                0x000000000003f040       0x20 build/cooja/contiki-ng-cooja.a(serial-line.o)
                0x000000000003f040                serial_line_process
 .data          0x000000000003f060        0x0 build/cooja/contiki-ng-cooja.a(linkaddr.o)
 .data          0x000000000003f060        0x0 build/cooja/contiki-ng-cooja.a(netstack.o)
 .data.rel.local
                0x000000000003f060        0x8 build/cooja/contiki-ng-cooja.a(netstack.o)
 .data          0x000000000003f068        0x0 build/cooja/contiki-ng-cooja.a(packetbuf.o)
 .data.rel.local
                0x000000000003f068        0x8 build/cooja/contiki-ng-cooja.a(packetbuf.o)
 .data          0x000000000003f070        0x0 build/cooja/contiki-ng-cooja.a(queuebuf.o)
 .data.rel.local
                0x000000000003f070       0x38 build/cooja/contiki-ng-cooja.a(queuebuf.o)
 .data          0x000000000003f0a8        0x0 build/cooja/contiki-ng-cooja.a(printf.o)
 *fill*         0x000000000003f0a8        0x8 
 .data.rel.local
                0x000000000003f0b0       0x10 build/cooja/contiki-ng-cooja.a(printf.o)
 .data          0x000000000003f0c0        0x0 build/cooja/contiki-ng-cooja.a(putchar.o)
 .data          0x000000000003f0c0        0x0 build/cooja/contiki-ng-cooja.a(puts.o)
 .data          0x000000000003f0c0        0x0 build/cooja/contiki-ng-cooja.a(snprintf.o)
 .data          0x000000000003f0c0        0x0 build/cooja/contiki-ng-cooja.a(sprintf.o)
 .data          0x000000000003f0c0        0x0 build/cooja/contiki-ng-cooja.a(strformat.o)
 .data          0x000000000003f0c0        0x0 build/cooja/contiki-ng-cooja.a(csma.o)
 .data          0x000000000003f0c0        0x0 build/cooja/contiki-ng-cooja.a(sicslowpan.o)
 .data          0x000000000003f0c0        0x0 build/cooja/contiki-ng-cooja.a(tcp-socket.o)
 .data.rel.local
                0x000000000003f0c0       0x40 build/cooja/contiki-ng-cooja.a(tcp-socket.o)
                0x000000000003f0e0                tcp_socket_process
 .data          0x000000000003f100        0x0 build/cooja/contiki-ng-cooja.a(tcpip.o)
 .data.rel.local
                0x000000000003f100       0x20 build/cooja/contiki-ng-cooja.a(tcpip.o)
                0x000000000003f100                tcpip_process
 .data          0x000000000003f120        0x0 build/cooja/contiki-ng-cooja.a(uip-ds6-nbr.o)
 .data.rel.local
                0x000000000003f120       0x20 build/cooja/contiki-ng-cooja.a(uip-ds6-nbr.o)
 .data          0x000000000003f140        0x0 build/cooja/contiki-ng-cooja.a(uip-ds6-route.o)
 .data.rel.local
                0x000000000003f140       0x28 build/cooja/contiki-ng-cooja.a(uip-ds6-route.o)
 .data          0x000000000003f168        0x0 build/cooja/contiki-ng-cooja.a(uip-ds6.o)
 .data          0x000000000003f168        0x0 build/cooja/contiki-ng-cooja.a(uip-packetqueue.o)
 *fill*         0x000000000003f168        0x8 
 .data.rel.local
                0x000000000003f170       0x18 build/cooja/contiki-ng-cooja.a(uip-packetqueue.o)
 .data          0x000000000003f188        0x0 build/cooja/contiki-ng-cooja.a(uip6.o)
 .data          0x000000000003f188        0x0 build/cooja/contiki-ng-cooja.a(uipbuf.o)
 .data          0x000000000003f188        0x0 build/cooja/contiki-ng-cooja.a(uiplib.o)
 .data          0x000000000003f188        0x0 build/cooja/contiki-ng-cooja.a(rpl.o)
 .data          0x000000000003f188        0x0 build/cooja/contiki-ng-cooja.a(watchdog.o)
 .data          0x000000000003f188        0x0 build/cooja/contiki-ng-cooja.a(int-master.o)
 .data          0x000000000003f188        0x0 build/cooja/contiki-ng-cooja.a(stimer.o)
 .data          0x000000000003f188        0x0 build/cooja/contiki-ng-cooja.a(memb.o)
 .data          0x000000000003f188        0x0 build/cooja/contiki-ng-cooja.a(ringbuf.o)
 .data          0x000000000003f188        0x0 build/cooja/contiki-ng-cooja.a(link-stats.o)
 *fill*         0x000000000003f188        0x8 
 .data.rel.local
                0x000000000003f190       0x20 build/cooja/contiki-ng-cooja.a(link-stats.o)
 .data          0x000000000003f1b0        0x0 build/cooja/contiki-ng-cooja.a(nbr-table.o)
 .data.rel.local
                0x000000000003f1b0       0x20 build/cooja/contiki-ng-cooja.a(nbr-table.o)
 .data          0x000000000003f1d0        0x0 build/cooja/contiki-ng-cooja.a(mac-sequence.o)
 .data          0x000000000003f1d0        0x0 build/cooja/contiki-ng-cooja.a(framer-802154.o)
 .data          0x000000000003f1d0        0x0 build/cooja/contiki-ng-cooja.a(csma-output.o)
 .data.rel.local
                0x000000000003f1d0       0x60 build/cooja/contiki-ng-cooja.a(csma-output.o)
 .data          0x000000000003f230        0x0 build/cooja/contiki-ng-cooja.a(csma-security.o)
 .data          0x000000000003f230        0x0 build/cooja/contiki-ng-cooja.a(uip-icmp6.o)
 .data.rel.local
                0x000000000003f230       0x48 build/cooja/contiki-ng-cooja.a(uip-icmp6.o)
 .data          0x000000000003f278        0x0 build/cooja/contiki-ng-cooja.a(uip-nd6.o)
 *fill*         0x000000000003f278        0x8 
 .data.rel.local
                0x000000000003f280       0x18 build/cooja/contiki-ng-cooja.a(uip-nd6.o)
 .data          0x000000000003f298        0x0 build/cooja/contiki-ng-cooja.a(uip-sr.o)
 *fill*         0x000000000003f298        0x8 
 .data.rel.local
                0x000000000003f2a0       0x28 build/cooja/contiki-ng-cooja.a(uip-sr.o)
 .data          0x000000000003f2c8        0x0 build/cooja/contiki-ng-cooja.a(rpl-dag-root.o)
 .data          0x000000000003f2c8        0x0 build/cooja/contiki-ng-cooja.a(rpl-dag.o)
 .data          0x000000000003f2c8        0x0 build/cooja/contiki-ng-cooja.a(rpl-ext-header.o)
 .data          0x000000000003f2c8        0x0 build/cooja/contiki-ng-cooja.a(rpl-icmp6.o)
 *fill*         0x000000000003f2c8        0x8 
 .data.rel.local
                0x000000000003f2d0       0x78 build/cooja/contiki-ng-cooja.a(rpl-icmp6.o)
 .data          0x000000000003f348        0x0 build/cooja/contiki-ng-cooja.a(rpl-mrhof.o)
 *fill*         0x000000000003f348       0x18 
 .data.rel.local
                0x000000000003f360       0x48 build/cooja/contiki-ng-cooja.a(rpl-mrhof.o)
                0x000000000003f360                rpl_mrhof
 .data          0x000000000003f3a8        0x0 build/cooja/contiki-ng-cooja.a(rpl-nbr-policy.o)
 .data          0x000000000003f3a8        0x0 build/cooja/contiki-ng-cooja.a(rpl-neighbor.o)
 *fill*         0x000000000003f3a8        0x8 
 .data.rel.local
                0x000000000003f3b0       0x20 build/cooja/contiki-ng-cooja.a(rpl-neighbor.o)
                0x000000000003f3c8                rpl_neighbors
 .data          0x000000000003f3d0        0x0 build/cooja/contiki-ng-cooja.a(rpl-timers.o)
 .data          0x000000000003f3d0        0x0 build/cooja/contiki-ng-cooja.a(assert.o)
 .data          0x000000000003f3d0        0x0 build/cooja/contiki-ng-cooja.a(mac.o)
 .data          0x000000000003f3d0        0x2 build/cooja/contiki-ng-cooja.a(frame802154.o)
 .data          0x000000000003f3d2        0x0 /usr/lib/gcc/x86_64-linux-gnu/11/crtendS.o
 .data          0x000000000003f3d2        0x0 /usr/lib/gcc/x86_64-linux-gnu/11/../../../x86_64-linux-gnu/crtn.o

.tm_clone_table
                0x000000000003f3d8        0x0
 .tm_clone_table
                0x000000000003f3d8        0x0 /usr/lib/gcc/x86_64-linux-gnu/11/crtbeginS.o
 .tm_clone_table
                0x000000000003f3d8        0x0 /usr/lib/gcc/x86_64-linux-gnu/11/crtendS.o

.data1
 *(.data1)
                [!provide]                        PROVIDE (_edata = .)
                [!provide]                        PROVIDE (edata = .)
                0x000000000003f3d8                . = .
                [!provide]                        PROVIDE (__bss_start = .)

.bss            0x000000000003f3e0    0x18200
 *(.dynbss)
 .dynbss        0x000000000003f3e0        0x0 /usr/lib/gcc/x86_64-linux-gnu/11/../../../x86_64-linux-gnu/crti.o
 *(.bss .bss.* .gnu.linkonce.b.*)
 .bss           0x000000000003f3e0        0x0 /usr/lib/gcc/x86_64-linux-gnu/11/../../../x86_64-linux-gnu/crti.o
 .bss           0x000000000003f3e0        0x1 /usr/lib/gcc/x86_64-linux-gnu/11/crtbeginS.o
 *fill*         0x000000000003f3e1       0x1f 
 .bss           0x000000000003f400      0xb60 occupancy.o
                0x000000000003f400                occupancy_count
 .bss           0x000000000003ff60     0x4060 build/cooja/mtype14713726.o
                0x000000000003ff60                sensors_flags
                0x000000000003ff68                referenceVar
 .bss           0x0000000000043fc0       0x18 build/cooja/contiki-ng-cooja.a(simEnvChange.o)
                0x0000000000043fc0                simDontFallAsleep
                0x0000000000043fc4                simProcessRunValue
                0x0000000000043fc8                simEtimerPending
                0x0000000000043fd0                simEtimerNextExpirationTime
 .bss           0x0000000000043fd8        0x8 build/cooja/contiki-ng-cooja.a(cooja_mt.o)
 .bss           0x0000000000043fe0        0x8 build/cooja/contiki-ng-cooja.a(cooja_mtarch.o)
 .bss           0x0000000000043fe8       0x18 build/cooja/contiki-ng-cooja.a(rtimer-arch.o)
                0x0000000000043fe8                simRtimerPending
                0x0000000000043ff0                simRtimerNextExpirationTime
                0x0000000000043ff8                simRtimerCurrentTicks
 .bss           0x0000000000044000        0x1 build/cooja/contiki-ng-cooja.a(beep.o)
                0x0000000000044000                simBeeped
 .bss           0x0000000000044001        0x1 build/cooja/contiki-ng-cooja.a(leds-arch.o)
                0x0000000000044001                simLedsValue
 *fill*         0x0000000000044002        0x2 
 .bss           0x0000000000044004        0xc build/cooja/contiki-ng-cooja.a(moteid.o)
                0x0000000000044004                simMoteID
                0x0000000000044008                simMoteIDChanged
                0x000000000004400c                simRandomSeed
 .bss           0x0000000000044010        0x3 build/cooja/contiki-ng-cooja.a(pir-sensor.o)
                0x0000000000044010                simPirChanged
                0x0000000000044011                simPirIsActive
                0x0000000000044012                simPirValue
 *fill*         0x0000000000044013        0xd 
 .bss           0x0000000000044020      0x810 build/cooja/contiki-ng-cooja.a(rs232.o)
                0x0000000000044020                simSerialReceivingData
                0x0000000000044820                simSerialReceivingLength
                0x0000000000044824                simSerialReceivingFlag
 .bss           0x0000000000044830        0x3 build/cooja/contiki-ng-cooja.a(vib-sensor.o)
                0x0000000000044830                simVibChanged
                0x0000000000044831                simVibIsActive
                0x0000000000044832                simVibValue
 *fill*         0x0000000000044833        0x5 
 .bss           0x0000000000044838        0x8 build/cooja/contiki-ng-cooja.a(clock.o)
                0x0000000000044838                simCurrentTime
 .bss           0x0000000000044840     0x200d build/cooja/contiki-ng-cooja.a(cooja-log.o)
                0x0000000000044840                simLoggedData
                0x0000000000046840                simLoggedLength
                0x0000000000046844                simLoggedFlag
 *fill*         0x000000000004684d       0x13 
 .bss           0x0000000000046860      0xfc0 build/cooja/contiki-ng-cooja.a(cfs-cooja.o)
                0x0000000000046860                simCFSData
                0x0000000000047800                simCFSSize
                0x0000000000047804                simCFSChanged
                0x0000000000047808                simCFSRead
                0x000000000004780c                simCFSWritten
 .bss           0x0000000000047820      0x15c build/cooja/contiki-ng-cooja.a(cooja-radio.o)
                0x0000000000047820                simReceiving
                0x0000000000047840                simInDataBuffer
                0x00000000000478c0                simInSize
                0x00000000000478c8                simLastPacketTimestamp
                0x00000000000478e0                simOutDataBuffer
                0x0000000000047960                simOutSize
 *fill*         0x000000000004797c        0x4 
 .bss           0x0000000000047980      0x40c build/cooja/contiki-ng-cooja.a(eeprom.o)
                0x0000000000047980                simEEPROMData
                0x0000000000047d80                simEEPROMChanged
                0x0000000000047d84                simEEPROMRead
                0x0000000000047d88                simEEPROMWritten
 .bss           0x0000000000047d8c        0x0 build/cooja/contiki-ng-cooja.a(random.o)
 .bss           0x0000000000047d8c        0xc build/cooja/contiki-ng-cooja.a(sensors.o)
                0x0000000000047d8c                sensors_event
 .bss           0x0000000000047d98        0x0 build/cooja/contiki-ng-cooja.a(leds.o)
 *fill*         0x0000000000047d98        0x8 
 .bss           0x0000000000047da0       0x40 build/cooja/contiki-ng-cooja.a(gpio-hal-arch.o)
 .bss           0x0000000000047de0        0x2 build/cooja/contiki-ng-cooja.a(buttons.o)
                0x0000000000047de0                simButtonChanged
                0x0000000000047de1                simButtonIsDown
 *fill*         0x0000000000047de2        0x6 
 .bss           0x0000000000047de8       0x21 build/cooja/contiki-ng-cooja.a(mqtt.o)
                0x0000000000047de8                mqtt_update_event